Archive member included to satisfy reference by file (symbol)

/mnt/d/projet_dirigeable_forestier/BlimpForestWarden/qorc-sdk/qf_apps/qf_ssi_ai_app/knowledgepack/sensiml/libsensiml.a(kb.o)
                              /mnt/d/projet_dirigeable_forestier/BlimpForestWarden/qorc-sdk/qf_apps/qf_ssi_ai_app/GCC_Project/output/main.o (kb_model_init)
/mnt/d/projet_dirigeable_forestier/BlimpForestWarden/qorc-sdk/qf_apps/qf_ssi_ai_app/knowledgepack/sensiml/libsensiml.a(pme.o)
                              /mnt/d/projet_dirigeable_forestier/BlimpForestWarden/qorc-sdk/qf_apps/qf_ssi_ai_app/knowledgepack/sensiml/libsensiml.a(kb.o) (pme_simple_init)
/mnt/d/projet_dirigeable_forestier/BlimpForestWarden/qorc-sdk/qf_apps/qf_ssi_ai_app/knowledgepack/sensiml/libsensiml.a(dsp_dtw_distance.o)
                              /mnt/d/projet_dirigeable_forestier/BlimpForestWarden/qorc-sdk/qf_apps/qf_ssi_ai_app/knowledgepack/sensiml/libsensiml.a(pme.o) (compute_distance_matrix)
/mnt/d/projet_dirigeable_forestier/BlimpForestWarden/qorc-sdk/qf_apps/qf_ssi_ai_app/knowledgepack/sensiml/libsensiml.a(sorted_copy.o)
                              /mnt/d/projet_dirigeable_forestier/BlimpForestWarden/qorc-sdk/qf_apps/qf_ssi_ai_app/knowledgepack/sensiml/libsensiml.a(kb.o) (sorted_copy)
/mnt/d/projet_dirigeable_forestier/BlimpForestWarden/qorc-sdk/qf_apps/qf_ssi_ai_app/knowledgepack/sensiml/libsensiml.a(sg_windowing.o)
                              /mnt/d/projet_dirigeable_forestier/BlimpForestWarden/qorc-sdk/qf_apps/qf_ssi_ai_app/knowledgepack/sensiml/libsensiml.a(kb.o) (tr_windowing_init)
/mnt/d/projet_dirigeable_forestier/BlimpForestWarden/qorc-sdk/qf_apps/qf_ssi_ai_app/knowledgepack/sensiml/libsensiml.a(kb_pipeline.o)
                              /mnt/d/projet_dirigeable_forestier/BlimpForestWarden/qorc-sdk/qf_apps/qf_ssi_ai_app/knowledgepack/sensiml/libsensiml.a(kb.o) (KB_data_streaming_Pipeline1_rank_0)
/mnt/d/projet_dirigeable_forestier/BlimpForestWarden/qorc-sdk/qf_apps/qf_ssi_ai_app/knowledgepack/sensiml/libsensiml.a(save_sensor_data.o)
                              /mnt/d/projet_dirigeable_forestier/BlimpForestWarden/qorc-sdk/qf_apps/qf_ssi_ai_app/knowledgepack/sensiml/libsensiml.a(kb_pipeline.o) (saveSensorData)
/mnt/d/projet_dirigeable_forestier/BlimpForestWarden/qorc-sdk/qf_apps/qf_ssi_ai_app/knowledgepack/sensiml/libsensiml.a(pme_trained_neurons.o)
                              /mnt/d/projet_dirigeable_forestier/BlimpForestWarden/qorc-sdk/qf_apps/qf_ssi_ai_app/knowledgepack/sensiml/libsensiml.a(kb.o) (kb_classifier_rows)
/mnt/d/projet_dirigeable_forestier/BlimpForestWarden/qorc-sdk/qf_apps/qf_ssi_ai_app/knowledgepack/sensiml/libsensiml.a(sortarray.o)
                              /mnt/d/projet_dirigeable_forestier/BlimpForestWarden/qorc-sdk/qf_apps/qf_ssi_ai_app/knowledgepack/sensiml/libsensiml.a(sorted_copy.o) (sortarray)
/mnt/d/projet_dirigeable_forestier/BlimpForestWarden/qorc-sdk/qf_apps/qf_ssi_ai_app/knowledgepack/sensiml/libsensiml.a(dsp_lsup_distance.o)
                              /mnt/d/projet_dirigeable_forestier/BlimpForestWarden/qorc-sdk/qf_apps/qf_ssi_ai_app/knowledgepack/sensiml/libsensiml.a(pme.o) (lsup_distance)
/mnt/d/projet_dirigeable_forestier/BlimpForestWarden/qorc-sdk/qf_apps/qf_ssi_ai_app/knowledgepack/sensiml/libsensiml.a(rb.o)
                              /mnt/d/projet_dirigeable_forestier/BlimpForestWarden/qorc-sdk/qf_apps/qf_ssi_ai_app/knowledgepack/sensiml/libsensiml.a(kb.o) (next_pow_2)
/mnt/d/projet_dirigeable_forestier/BlimpForestWarden/qorc-sdk/qf_apps/qf_ssi_ai_app/knowledgepack/sensiml/libsensiml.a(dsp_l1_distance.o)
                              /mnt/d/projet_dirigeable_forestier/BlimpForestWarden/qorc-sdk/qf_apps/qf_ssi_ai_app/knowledgepack/sensiml/libsensiml.a(pme.o) (l1_distance)
/mnt/d/projet_dirigeable_forestier/BlimpForestWarden/qorc-sdk/qf_apps/qf_ssi_ai_app/knowledgepack/sensiml/libsensiml.a(fg_stats_pct025.o)
                              /mnt/d/projet_dirigeable_forestier/BlimpForestWarden/qorc-sdk/qf_apps/qf_ssi_ai_app/knowledgepack/sensiml/libsensiml.a(kb_pipeline.o) (fg_stats_pct025)
/mnt/d/projet_dirigeable_forestier/BlimpForestWarden/qorc-sdk/qf_apps/qf_ssi_ai_app/knowledgepack/sensiml/libsensiml.a(stats_percentile_presorted.o)
                              /mnt/d/projet_dirigeable_forestier/BlimpForestWarden/qorc-sdk/qf_apps/qf_ssi_ai_app/knowledgepack/sensiml/libsensiml.a(fg_stats_pct025.o) (stats_percentile_presorted)
/mnt/d/projet_dirigeable_forestier/BlimpForestWarden/qorc-sdk/qf_apps/qf_ssi_ai_app/knowledgepack/sensiml/libsensiml.a(fg_stats_pct100.o)
                              /mnt/d/projet_dirigeable_forestier/BlimpForestWarden/qorc-sdk/qf_apps/qf_ssi_ai_app/knowledgepack/sensiml/libsensiml.a(kb_pipeline.o) (fg_stats_pct100)
/mnt/d/projet_dirigeable_forestier/BlimpForestWarden/qorc-sdk/qf_apps/qf_ssi_ai_app/knowledgepack/sensiml/libsensiml.a(utils_tr_sensor.o)
[...]
Memory Configuration

Name             Origin             Length             Attributes
rom              0x0000000000000000 0x000000000002c000 xr
ram              0x000000002002c000 0x000000000003c800 xrw
spiram           0x0000000020063800 0x0000000000000800 rw
HWA              0x0000000020064000 0x0000000000018000 rw
shm              0x000000002007c000 0x0000000000004000
*default*        0x0000000000000000 0xffffffffffffffff

Linker script and memory map

LOAD /usr/bin/../lib/gcc/arm-none-eabi/7.3.1/thumb/v7e-m/fpv4-sp/hard/crti.o
LOAD /usr/bin/../lib/gcc/arm-none-eabi/7.3.1/thumb/v7e-m/fpv4-sp/hard/crtbegin.o
LOAD /usr/bin/../lib/gcc/arm-none-eabi/7.3.1/../../../../arm-none-eabi/lib/thumb/v7e-m/fpv4-sp/hard/crt0.o
LOAD /mnt/d/projet_dirigeable_forestier/BlimpForestWarden/qorc-sdk/qf_apps/qf_ssi_ai_app/GCC_Project/output/MQTTSNConnectClient.o
LOAD /mnt/d/projet_dirigeable_forestier/BlimpForestWarden/qorc-sdk/qf_apps/qf_ssi_ai_app/GCC_Project/output/MQTTSNConnectServer.o
LOAD /mnt/d/projet_dirigeable_forestier/BlimpForestWarden/qorc-sdk/qf_apps/qf_ssi_ai_app/GCC_Project/output/MQTTSNDeserializePublish.o
LOAD /mnt/d/projet_dirigeable_forestier/BlimpForestWarden/qorc-sdk/qf_apps/qf_ssi_ai_app/GCC_Project/output/MQTTSNPacket.o
LOAD /mnt/d/projet_dirigeable_forestier/BlimpForestWarden/qorc-sdk/qf_apps/qf_ssi_ai_app/GCC_Project/output/MQTTSNSearchClient.o
LOAD /mnt/d/projet_dirigeable_forestier/BlimpForestWarden/qorc-sdk/qf_apps/qf_ssi_ai_app/GCC_Project/output/MQTTSNSerializePublish.o
LOAD /mnt/d/projet_dirigeable_forestier/BlimpForestWarden/qorc-sdk/qf_apps/qf_ssi_ai_app/GCC_Project/output/MQTTSNSubscribeClient.o
LOAD /mnt/d/projet_dirigeable_forestier/BlimpForestWarden/qorc-sdk/qf_apps/qf_ssi_ai_app/GCC_Project/output/MQTTSNUnsubscribeClient.o
LOAD /mnt/d/projet_dirigeable_forestier/BlimpForestWarden/qorc-sdk/qf_apps/qf_ssi_ai_app/GCC_Project/output/MajorTopicDispatch.o
LOAD /mnt/d/projet_dirigeable_forestier/BlimpForestWarden/qorc-sdk/qf_apps/qf_ssi_ai_app/GCC_Project/output/MinorTopicDispatch_Collect.o
LOAD /mnt/d/projet_dirigeable_forestier/BlimpForestWarden/qorc-sdk/qf_apps/qf_ssi_ai_app/GCC_Project/output/MinorTopicDispatch_Live.o
LOAD /mnt/d/projet_dirigeable_forestier/BlimpForestWarden/qorc-sdk/qf_apps/qf_ssi_ai_app/GCC_Project/output/MinorTopicDispatch_Recog.o
LOAD /mnt/d/projet_dirigeable_forestier/BlimpForestWarden/qorc-sdk/qf_apps/qf_ssi_ai_app/GCC_Project/output/MinorTopicDispatch_Sensor.o
LOAD /mnt/d/projet_dirigeable_forestier/BlimpForestWarden/qorc-sdk/qf_apps/qf_ssi_ai_app/GCC_Project/output/MinorTopicDispatch_Storage.o
LOAD /mnt/d/projet_dirigeable_forestier/BlimpForestWarden/qorc-sdk/qf_apps/qf_ssi_ai_app/GCC_Project/output/MinorTopicDispatch_System.o
LOAD /mnt/d/projet_dirigeable_forestier/BlimpForestWarden/qorc-sdk/qf_apps/qf_ssi_ai_app/GCC_Project/output/Mqttsn_App.o
LOAD /mnt/d/projet_dirigeable_forestier/BlimpForestWarden/qorc-sdk/qf_apps/qf_ssi_ai_app/GCC_Project/output/Mqttsn_CliCmds.o
LOAD /mnt/d/projet_dirigeable_forestier/BlimpForestWarden/qorc-sdk/qf_apps/qf_ssi_ai_app/GCC_Project/output/Mqttsn_MsgHandler.o
LOAD /mnt/d/projet_dirigeable_forestier/BlimpForestWarden/qorc-sdk/qf_apps/qf_ssi_ai_app/GCC_Project/output/Mqttsn_Topics.o
LOAD /mnt/d/projet_dirigeable_forestier/BlimpForestWarden/qorc-sdk/qf_apps/qf_ssi_ai_app/GCC_Project/output/Seeed_AMG8833_driver.o
LOAD /mnt/d/projet_dirigeable_forestier/BlimpForestWarden/qorc-sdk/qf_apps/qf_ssi_ai_app/GCC_Project/output/Wire.o
LOAD /mnt/d/projet_dirigeable_forestier/BlimpForestWarden/qorc-sdk/qf_apps/qf_ssi_ai_app/GCC_Project/output/battery_level_monitor.o
LOAD /mnt/d/projet_dirigeable_forestier/BlimpForestWarden/qorc-sdk/qf_apps/qf_ssi_ai_app/GCC_Project/output/c_lib_retarget.o
LOAD /mnt/d/projet_dirigeable_forestier/BlimpForestWarden/qorc-sdk/qf_apps/qf_ssi_ai_app/GCC_Project/output/circularBuffQueue.o
LOAD /mnt/d/projet_dirigeable_forestier/BlimpForestWarden/qorc-sdk/qf_apps/qf_ssi_ai_app/GCC_Project/output/cli_args.o
LOAD /mnt/d/projet_dirigeable_forestier/BlimpForestWarden/qorc-sdk/qf_apps/qf_ssi_ai_app/GCC_Project/output/cli_hexdump.o
LOAD /mnt/d/projet_dirigeable_forestier/BlimpForestWarden/qorc-sdk/qf_apps/qf_ssi_ai_app/GCC_Project/output/cli_io.o
LOAD /mnt/d/projet_dirigeable_forestier/BlimpForestWarden/qorc-sdk/qf_apps/qf_ssi_ai_app/GCC_Project/output/cli_loop.o
LOAD /mnt/d/projet_dirigeable_forestier/BlimpForestWarden/qorc-sdk/qf_apps/qf_ssi_ai_app/GCC_Project/output/cli_misc.o
LOAD /mnt/d/projet_dirigeable_forestier/BlimpForestWarden/qorc-sdk/qf_apps/qf_ssi_ai_app/GCC_Project/output/cli_platform.o
LOAD /mnt/d/projet_dirigeable_forestier/BlimpForestWarden/qorc-sdk/qf_apps/qf_ssi_ai_app/GCC_Project/output/cli_stdcmds.o
LOAD /mnt/d/projet_dirigeable_forestier/BlimpForestWarden/qorc-sdk/qf_apps/qf_ssi_ai_app/GCC_Project/output/crc16.o
LOAD /mnt/d/projet_dirigeable_forestier/BlimpForestWarden/qorc-sdk/qf_apps/qf_ssi_ai_app/GCC_Project/output/crc32.o
LOAD /mnt/d/projet_dirigeable_forestier/BlimpForestWarden/qorc-sdk/qf_apps/qf_ssi_ai_app/GCC_Project/output/croutine.o
LOAD /mnt/d/projet_dirigeable_forestier/BlimpForestWarden/qorc-sdk/qf_apps/qf_ssi_ai_app/GCC_Project/output/datablk_mgr.o
LOAD /mnt/d/projet_dirigeable_forestier/BlimpForestWarden/qorc-sdk/qf_apps/qf_ssi_ai_app/GCC_Project/output/datablk_processor.o
LOAD /mnt/d/projet_dirigeable_forestier/BlimpForestWarden/qorc-sdk/qf_apps/qf_ssi_ai_app/GCC_Project/output/datasave.o
LOAD /mnt/d/projet_dirigeable_forestier/BlimpForestWarden/qorc-sdk/qf_apps/qf_ssi_ai_app/GCC_Project/output/dbg_bufferedprinttask.o
LOAD /mnt/d/projet_dirigeable_forestier/BlimpForestWarden/qorc-sdk/qf_apps/qf_ssi_ai_app/GCC_Project/output/dbg_queue_monitor.o
LOAD /mnt/d/projet_dirigeable_forestier/BlimpForestWarden/qorc-sdk/qf_apps/qf_ssi_ai_app/GCC_Project/output/dbg_uart.o
LOAD /mnt/d/projet_dirigeable_forestier/BlimpForestWarden/qorc-sdk/qf_apps/qf_ssi_ai_app/GCC_Project/output/dbgtrace.o
LOAD /mnt/d/projet_dirigeable_forestier/BlimpForestWarden/qorc-sdk/qf_apps/qf_ssi_ai_app/GCC_Project/output/eoss3_hal_adc.o
LOAD /mnt/d/projet_dirigeable_forestier/BlimpForestWarden/qorc-sdk/qf_apps/qf_ssi_ai_app/GCC_Project/output/eoss3_hal_audio.o
LOAD /mnt/d/projet_dirigeable_forestier/BlimpForestWarden/qorc-sdk/qf_apps/qf_ssi_ai_app/GCC_Project/output/eoss3_hal_fpga_usbserial.o
LOAD /mnt/d/projet_dirigeable_forestier/BlimpForestWarden/qorc-sdk/qf_apps/qf_ssi_ai_app/GCC_Project/output/eoss3_hal_gpio.o
LOAD /mnt/d/projet_dirigeable_forestier/BlimpForestWarden/qorc-sdk/qf_apps/qf_ssi_ai_app/GCC_Project/output/eoss3_hal_i2c.o
LOAD /mnt/d/projet_dirigeable_forestier/BlimpForestWarden/qorc-sdk/qf_apps/qf_ssi_ai_app/GCC_Project/output/eoss3_hal_i2s.o
LOAD /mnt/d/projet_dirigeable_forestier/BlimpForestWarden/qorc-sdk/qf_apps/qf_ssi_ai_app/GCC_Project/output/eoss3_hal_i2s_slave_assp.o
LOAD /mnt/d/projet_dirigeable_forestier/BlimpForestWarden/qorc-sdk/qf_apps/qf_ssi_ai_app/GCC_Project/output/eoss3_hal_pad_config.o
LOAD /mnt/d/projet_dirigeable_forestier/BlimpForestWarden/qorc-sdk/qf_apps/qf_ssi_ai_app/GCC_Project/output/eoss3_hal_pkfb.o
LOAD /mnt/d/projet_dirigeable_forestier/BlimpForestWarden/qorc-sdk/qf_apps/qf_ssi_ai_app/GCC_Project/output/eoss3_hal_rtc.o
LOAD /mnt/d/projet_dirigeable_forestier/BlimpForestWarden/qorc-sdk/qf_apps/qf_ssi_ai_app/GCC_Project/output/eoss3_hal_sdma.o
LOAD /mnt/d/projet_dirigeable_forestier/BlimpForestWarden/qorc-sdk/qf_apps/qf_ssi_ai_app/GCC_Project/output/eoss3_hal_spi.o
LOAD /mnt/d/projet_dirigeable_forestier/BlimpForestWarden/qorc-sdk/qf_apps/qf_ssi_ai_app/GCC_Project/output/eoss3_hal_timer.o
LOAD /mnt/d/projet_dirigeable_forestier/BlimpForestWarden/qorc-sdk/qf_apps/qf_ssi_ai_app/GCC_Project/output/eoss3_hal_uart.o
LOAD /mnt/d/projet_dirigeable_forestier/BlimpForestWarden/qorc-sdk/qf_apps/qf_ssi_ai_app/GCC_Project/output/eoss3_hal_wb.o
LOAD /mnt/d/projet_dirigeable_forestier/BlimpForestWarden/qorc-sdk/qf_apps/qf_ssi_ai_app/GCC_Project/output/eoss3_hal_wdt.o
LOAD /mnt/d/projet_dirigeable_forestier/BlimpForestWarden/qorc-sdk/qf_apps/qf_ssi_ai_app/GCC_Project/output/event_groups.o
LOAD /mnt/d/projet_dirigeable_forestier/BlimpForestWarden/qorc-sdk/qf_apps/qf_ssi_ai_app/GCC_Project/output/exceptions.o
LOAD /mnt/d/projet_dirigeable_forestier/BlimpForestWarden/qorc-sdk/qf_apps/qf_ssi_ai_app/GCC_Project/output/ff.o
LOAD /mnt/d/projet_dirigeable_forestier/BlimpForestWarden/qorc-sdk/qf_apps/qf_ssi_ai_app/GCC_Project/output/ffunicode.o
LOAD /mnt/d/projet_dirigeable_forestier/BlimpForestWarden/qorc-sdk/qf_apps/qf_ssi_ai_app/GCC_Project/output/fpga_loader.o
LOAD /mnt/d/projet_dirigeable_forestier/BlimpForestWarden/qorc-sdk/qf_apps/qf_ssi_ai_app/GCC_Project/output/freertos_static_memory.o
LOAD /mnt/d/projet_dirigeable_forestier/BlimpForestWarden/qorc-sdk/qf_apps/qf_ssi_ai_app/GCC_Project/output/heap_4.o
LOAD /mnt/d/projet_dirigeable_forestier/BlimpForestWarden/qorc-sdk/qf_apps/qf_ssi_ai_app/GCC_Project/output/hearable_pwrcfg.o
LOAD /mnt/d/projet_dirigeable_forestier/BlimpForestWarden/qorc-sdk/qf_apps/qf_ssi_ai_app/GCC_Project/output/leds.o
LOAD /mnt/d/projet_dirigeable_forestier/BlimpForestWarden/qorc-sdk/qf_apps/qf_ssi_ai_app/GCC_Project/output/list.o
LOAD /mnt/d/projet_dirigeable_forestier/BlimpForestWarden/qorc-sdk/qf_apps/qf_ssi_ai_app/GCC_Project/output/main.o
LOAD /mnt/d/projet_dirigeable_forestier/BlimpForestWarden/qorc-sdk/qf_apps/qf_ssi_ai_app/GCC_Project/output/main_dbg_cli_menu.o
LOAD /mnt/d/projet_dirigeable_forestier/BlimpForestWarden/qorc-sdk/qf_apps/qf_ssi_ai_app/GCC_Project/output/mc3635.o
LOAD /mnt/d/projet_dirigeable_forestier/BlimpForestWarden/qorc-sdk/qf_apps/qf_ssi_ai_app/GCC_Project/output/mc3635_wire.o
LOAD /mnt/d/projet_dirigeable_forestier/BlimpForestWarden/qorc-sdk/qf_apps/qf_ssi_ai_app/GCC_Project/output/micro_tick64.o
LOAD /mnt/d/projet_dirigeable_forestier/BlimpForestWarden/qorc-sdk/qf_apps/qf_ssi_ai_app/GCC_Project/output/mmc_s3.o
LOAD /mnt/d/projet_dirigeable_forestier/BlimpForestWarden/qorc-sdk/qf_apps/qf_ssi_ai_app/GCC_Project/output/pincfg_table.o
LOAD /mnt/d/projet_dirigeable_forestier/BlimpForestWarden/qorc-sdk/qf_apps/qf_ssi_ai_app/GCC_Project/output/port.o
LOAD /mnt/d/projet_dirigeable_forestier/BlimpForestWarden/qorc-sdk/qf_apps/qf_ssi_ai_app/GCC_Project/output/qf_baremetalsetup.o
LOAD /mnt/d/projet_dirigeable_forestier/BlimpForestWarden/qorc-sdk/qf_apps/qf_ssi_ai_app/GCC_Project/output/qf_hardwaresetup.o
LOAD /mnt/d/projet_dirigeable_forestier/BlimpForestWarden/qorc-sdk/qf_apps/qf_ssi_ai_app/GCC_Project/output/ql_base64.o
LOAD /mnt/d/projet_dirigeable_forestier/BlimpForestWarden/qorc-sdk/qf_apps/qf_ssi_ai_app/GCC_Project/output/ql_stackwatermark.o
LOAD /mnt/d/projet_dirigeable_forestier/BlimpForestWarden/qorc-sdk/qf_apps/qf_ssi_ai_app/GCC_Project/output/ql_test_signals.o
LOAD /mnt/d/projet_dirigeable_forestier/BlimpForestWarden/qorc-sdk/qf_apps/qf_ssi_ai_app/GCC_Project/output/ql_time.o
LOAD /mnt/d/projet_dirigeable_forestier/BlimpForestWarden/qorc-sdk/qf_apps/qf_ssi_ai_app/GCC_Project/output/queue.o
LOAD /mnt/d/projet_dirigeable_forestier/BlimpForestWarden/qorc-sdk/qf_apps/qf_ssi_ai_app/GCC_Project/output/riff_block_pool.o
LOAD /mnt/d/projet_dirigeable_forestier/BlimpForestWarden/qorc-sdk/qf_apps/qf_ssi_ai_app/GCC_Project/output/riff_file.o
LOAD /mnt/d/projet_dirigeable_forestier/BlimpForestWarden/qorc-sdk/qf_apps/qf_ssi_ai_app/GCC_Project/output/riff_file_fatfs.o
LOAD /mnt/d/projet_dirigeable_forestier/BlimpForestWarden/qorc-sdk/qf_apps/qf_ssi_ai_app/GCC_Project/output/riff_file_freertos_fat.o
LOAD /mnt/d/projet_dirigeable_forestier/BlimpForestWarden/qorc-sdk/qf_apps/qf_ssi_ai_app/GCC_Project/output/riff_misc.o
LOAD /mnt/d/projet_dirigeable_forestier/BlimpForestWarden/qorc-sdk/qf_apps/qf_ssi_ai_app/GCC_Project/output/riff_writer.o
LOAD /mnt/d/projet_dirigeable_forestier/BlimpForestWarden/qorc-sdk/qf_apps/qf_ssi_ai_app/GCC_Project/output/s3x_clock.o
LOAD /mnt/d/projet_dirigeable_forestier/BlimpForestWarden/qorc-sdk/qf_apps/qf_ssi_ai_app/GCC_Project/output/s3x_clock_hal.o
LOAD /mnt/d/projet_dirigeable_forestier/BlimpForestWarden/qorc-sdk/qf_apps/qf_ssi_ai_app/GCC_Project/output/s3x_cpuload.o
LOAD /mnt/d/projet_dirigeable_forestier/BlimpForestWarden/qorc-sdk/qf_apps/qf_ssi_ai_app/GCC_Project/output/s3x_dfs.o
LOAD /mnt/d/projet_dirigeable_forestier/BlimpForestWarden/qorc-sdk/qf_apps/qf_ssi_ai_app/GCC_Project/output/s3x_lpm.o
LOAD /mnt/d/projet_dirigeable_forestier/BlimpForestWarden/qorc-sdk/qf_apps/qf_ssi_ai_app/GCC_Project/output/s3x_pi.o
LOAD /mnt/d/projet_dirigeable_forestier/BlimpForestWarden/qorc-sdk/qf_apps/qf_ssi_ai_app/GCC_Project/output/s3x_pwrcfg.o
LOAD /mnt/d/projet_dirigeable_forestier/BlimpForestWarden/qorc-sdk/qf_apps/qf_ssi_ai_app/GCC_Project/output/s3x_qos.o
LOAD /mnt/d/projet_dirigeable_forestier/BlimpForestWarden/qorc-sdk/qf_apps/qf_ssi_ai_app/GCC_Project/output/sec_debug.o
LOAD /mnt/d/projet_dirigeable_forestier/BlimpForestWarden/qorc-sdk/qf_apps/qf_ssi_ai_app/GCC_Project/output/sensor_audio_acquisition.o
LOAD /mnt/d/projet_dirigeable_forestier/BlimpForestWarden/qorc-sdk/qf_apps/qf_ssi_ai_app/GCC_Project/output/sensor_audio_acquisition_test.o
LOAD /mnt/d/projet_dirigeable_forestier/BlimpForestWarden/qorc-sdk/qf_apps/qf_ssi_ai_app/GCC_Project/output/sensor_audio_config.o
LOAD /mnt/d/projet_dirigeable_forestier/BlimpForestWarden/qorc-sdk/qf_apps/qf_ssi_ai_app/GCC_Project/output/sensor_audio_process.o
LOAD /mnt/d/projet_dirigeable_forestier/BlimpForestWarden/qorc-sdk/qf_apps/qf_ssi_ai_app/GCC_Project/output/sensor_ssss.o
LOAD /mnt/d/projet_dirigeable_forestier/BlimpForestWarden/qorc-sdk/qf_apps/qf_ssi_ai_app/GCC_Project/output/sml_output.o
LOAD /mnt/d/projet_dirigeable_forestier/BlimpForestWarden/qorc-sdk/qf_apps/qf_ssi_ai_app/GCC_Project/output/sml_recognition_run.o
LOAD /mnt/d/projet_dirigeable_forestier/BlimpForestWarden/qorc-sdk/qf_apps/qf_ssi_ai_app/GCC_Project/output/spi_flash.o
LOAD /mnt/d/projet_dirigeable_forestier/BlimpForestWarden/qorc-sdk/qf_apps/qf_ssi_ai_app/GCC_Project/output/ssi_comms.o
LOAD /mnt/d/projet_dirigeable_forestier/BlimpForestWarden/qorc-sdk/qf_apps/qf_ssi_ai_app/GCC_Project/output/startup_EOSS3B_GCC.o
LOAD /mnt/d/projet_dirigeable_forestier/BlimpForestWarden/qorc-sdk/qf_apps/qf_ssi_ai_app/GCC_Project/output/stream_buffer.o
LOAD /mnt/d/projet_dirigeable_forestier/BlimpForestWarden/qorc-sdk/qf_apps/qf_ssi_ai_app/GCC_Project/output/tasks.o
LOAD /mnt/d/projet_dirigeable_forestier/BlimpForestWarden/qorc-sdk/qf_apps/qf_ssi_ai_app/GCC_Project/output/timers.o
LOAD /mnt/d/projet_dirigeable_forestier/BlimpForestWarden/qorc-sdk/qf_apps/qf_ssi_ai_app/GCC_Project/output/usb2serial.o
LOAD /mnt/d/projet_dirigeable_forestier/BlimpForestWarden/qorc-sdk/qf_apps/qf_ssi_ai_app/GCC_Project/output/vectors_CM4F_gcc.o
LOAD /mnt/d/projet_dirigeable_forestier/BlimpForestWarden/qorc-sdk/qf_apps/qf_ssi_ai_app/GCC_Project/output/watchdog.o
LOAD /mnt/d/projet_dirigeable_forestier/BlimpForestWarden/qorc-sdk/qf_apps/qf_ssi_ai_app/knowledgepack/sensiml/libsensiml.a
LOAD /mnt/d/projet_dirigeable_forestier/BlimpForestWarden/qorc-sdk/qf_apps/qf_ssi_ai_app/GCC_Project/../../../Libraries/CMSIS/lib/GCC/libarm_cortexM4lf_math.a
LOAD /usr/bin/../lib/gcc/arm-none-eabi/7.3.1/../../../../arm-none-eabi/lib/thumb/v7e-m/fpv4-sp/hard/libstdc++_nano.a
LOAD /usr/bin/../lib/gcc/arm-none-eabi/7.3.1/../../../../arm-none-eabi/lib/thumb/v7e-m/fpv4-sp/hard/libm.a
START GROUP
LOAD /usr/bin/../lib/gcc/arm-none-eabi/7.3.1/thumb/v7e-m/fpv4-sp/hard/libgcc.a
LOAD /usr/bin/../lib/gcc/arm-none-eabi/7.3.1/../../../../arm-none-eabi/lib/thumb/v7e-m/fpv4-sp/hard/libg_nano.a
LOAD /usr/bin/../lib/gcc/arm-none-eabi/7.3.1/../../../../arm-none-eabi/lib/thumb/v7e-m/fpv4-sp/hard/libc_nano.a
END GROUP
START GROUP
LOAD /usr/bin/../lib/gcc/arm-none-eabi/7.3.1/thumb/v7e-m/fpv4-sp/hard/libgcc.a
LOAD /usr/bin/../lib/gcc/arm-none-eabi/7.3.1/../../../../arm-none-eabi/lib/thumb/v7e-m/fpv4-sp/hard/libc_nano.a
LOAD /usr/bin/../lib/gcc/arm-none-eabi/7.3.1/../../../../arm-none-eabi/lib/thumb/v7e-m/fpv4-sp/hard/libnosys.a
END GROUP
START GROUP
LOAD /usr/bin/../lib/gcc/arm-none-eabi/7.3.1/thumb/v7e-m/fpv4-sp/hard/libgcc.a
LOAD /usr/bin/../lib/gcc/arm-none-eabi/7.3.1/../../../../arm-none-eabi/lib/thumb/v7e-m/fpv4-sp/hard/libc_nano.a
LOAD /usr/bin/../lib/gcc/arm-none-eabi/7.3.1/../../../../arm-none-eabi/lib/thumb/v7e-m/fpv4-sp/hard/libnosys.a
END GROUP
LOAD /usr/bin/../lib/gcc/arm-none-eabi/7.3.1/thumb/v7e-m/fpv4-sp/hard/crtend.o
LOAD /usr/bin/../lib/gcc/arm-none-eabi/7.3.1/thumb/v7e-m/fpv4-sp/hard/crtn.o

.text           0x0000000000000000    0x1ebb7
 *(.isr_vector)
 .isr_vector    0x0000000000000000      0x124 /mnt/d/projet_dirigeable_forestier/BlimpForestWarden/qorc-sdk/qf_apps/qf_ssi_ai_app/GCC_Project/output/vectors_CM4F_gcc.o
                0x0000000000000000                __Vectors
 *(.text*)
 .text          0x0000000000000124       0x40 /usr/bin/../lib/gcc/arm-none-eabi/7.3.1/thumb/v7e-m/fpv4-sp/hard/crtbegin.o
 .text          0x0000000000000164       0x74 /usr/bin/../lib/gcc/arm-none-eabi/7.3.1/../../../../arm-none-eabi/lib/thumb/v7e-m/fpv4-sp/hard/crt0.o
                0x0000000000000164                _mainCRTStartup
                0x0000000000000164                _start
 .text._ZN7AMG8833C2Eh
                0x00000000000001d8        0x8 /mnt/d/projet_dirigeable_forestier/BlimpForestWarden/qorc-sdk/qf_apps/qf_ssi_ai_app/GCC_Project/output/Seeed_AMG8833_driver.o
                0x00000000000001d8                AMG8833::AMG8833(unsigned char)
                0x00000000000001d8                AMG8833::AMG8833(unsigned char)
 .text._ZN13AMG_IIC_OPRTS14IIC_write_byteEhh
                0x00000000000001e0       0x2c /mnt/d/projet_dirigeable_forestier/BlimpForestWarden/qorc-sdk/qf_apps/qf_ssi_ai_app/GCC_Project/output/Seeed_AMG8833_driver.o
                0x00000000000001e0                AMG_IIC_OPRTS::IIC_write_byte(unsigned char, unsigned char)
 .text._ZN7AMG883315set_sensor_modeEh
                0x000000000000020c        0x8 /mnt/d/projet_dirigeable_forestier/BlimpForestWarden/qorc-sdk/qf_apps/qf_ssi_ai_app/GCC_Project/output/Seeed_AMG8833_driver.o
                0x000000000000020c                AMG8833::set_sensor_mode(unsigned char)
 .text._ZN7AMG883318set_interrupt_modeEh
                0x0000000000000214        0x8 /mnt/d/projet_dirigeable_forestier/BlimpForestWarden/qorc-sdk/qf_apps/qf_ssi_ai_app/GCC_Project/output/Seeed_AMG8833_driver.o
                0x0000000000000214                AMG8833::set_interrupt_mode(unsigned char)
 .text._ZN7AMG883312clear_statusEh
                0x000000000000021c        0x8 /mnt/d/projet_dirigeable_forestier/BlimpForestWarden/qorc-sdk/qf_apps/qf_ssi_ai_app/GCC_Project/output/Seeed_AMG8833_driver.o
                0x000000000000021c                AMG8833::clear_status(unsigned char)
 .text._ZN7AMG883315set_upper_limitEPh
                0x0000000000000224       0x1c /mnt/d/projet_dirigeable_forestier/BlimpForestWarden/qorc-sdk/qf_apps/qf_ssi_ai_app/GCC_Project/output/Seeed_AMG8833_driver.o
                0x0000000000000224                AMG8833::set_upper_limit(unsigned char*)
 .text._ZN7AMG883315set_lower_limitEPh
                0x0000000000000240       0x1c /mnt/d/projet_dirigeable_forestier/BlimpForestWarden/qorc-sdk/qf_apps/qf_ssi_ai_app/GCC_Project/output/Seeed_AMG8833_driver.o
                0x0000000000000240                AMG8833::set_lower_limit(unsigned char*)
 .text._ZN7AMG883314set_hysteresisEPh
                0x000000000000025c       0x1c /mnt/d/projet_dirigeable_forestier/BlimpForestWarden/qorc-sdk/qf_apps/qf_ssi_ai_app/GCC_Project/output/Seeed_AMG8833_driver.o
                0x000000000000025c                AMG8833::set_hysteresis(unsigned char*)
 .text._ZN7AMG883311reset_flagsEh
                0x0000000000000278        0x8 /mnt/d/projet_dirigeable_forestier/BlimpForestWarden/qorc-sdk/qf_apps/qf_ssi_ai_app/GCC_Project/output/Seeed_AMG8833_driver.o
                0x0000000000000278                AMG8833::reset_flags(unsigned char)
 .text._ZN7AMG88334initEv
                0x0000000000000280       0x84 /mnt/d/projet_dirigeable_forestier/BlimpForestWarden/qorc-sdk/qf_apps/qf_ssi_ai_app/GCC_Project/output/Seeed_AMG8833_driver.o
                0x0000000000000280                AMG8833::init()
 .text._ZN13AMG_IIC_OPRTS13IIC_read_byteEhPh
                0x0000000000000304       0x44 /mnt/d/projet_dirigeable_forestier/BlimpForestWarden/qorc-sdk/qf_apps/qf_ssi_ai_app/GCC_Project/output/Seeed_AMG8833_driver.o
                0x0000000000000304                AMG_IIC_OPRTS::IIC_read_byte(unsigned char, unsigned char*)
 .text._ZN7AMG883332read_pixel_temperature_reg_valueEPt
                0x0000000000000348       0x48 /mnt/d/projet_dirigeable_forestier/BlimpForestWarden/qorc-sdk/qf_apps/qf_ssi_ai_app/GCC_Project/output/Seeed_AMG8833_driver.o
                0x0000000000000348                AMG8833::read_pixel_temperature_reg_value(unsigned short*)
 .text._ZN7TwoWire5beginEv
                0x0000000000000390       0x24 /mnt/d/projet_dirigeable_forestier/BlimpForestWarden/qorc-sdk/qf_apps/qf_ssi_ai_app/GCC_Project/output/Wire.o
                0x0000000000000390                TwoWire::begin()
 .text._ZN7TwoWire17beginTransmissionEi
                0x00000000000003b4       0x1c /mnt/d/projet_dirigeable_forestier/BlimpForestWarden/qorc-sdk/qf_apps/qf_ssi_ai_app/GCC_Project/output/Wire.o
                0x00000000000003b4                TwoWire::beginTransmission(int)
 .text._ZN7TwoWire15endTransmissionEi
                0x00000000000003d0       0x28 /mnt/d/projet_dirigeable_forestier/BlimpForestWarden/qorc-sdk/qf_apps/qf_ssi_ai_app/GCC_Project/output/Wire.o
                0x00000000000003d0                TwoWire::endTransmission(int)
 .text._ZN7TwoWire15endTransmissionEv
                0x00000000000003f8        0x6 /mnt/d/projet_dirigeable_forestier/BlimpForestWarden/qorc-sdk/qf_apps/qf_ssi_ai_app/GCC_Project/output/Wire.o
                0x00000000000003f8                TwoWire::endTransmission()
 *fill*         0x00000000000003fe        0x2 
 .text._ZN7TwoWire11requestFromEiib
                0x0000000000000400       0x28 /mnt/d/projet_dirigeable_forestier/BlimpForestWarden/qorc-sdk/qf_apps/qf_ssi_ai_app/GCC_Project/output/Wire.o
                0x0000000000000400                TwoWire::requestFrom(int, int, bool)
 .text._ZN7TwoWire11requestFromEii
                0x0000000000000428        0x6 /mnt/d/projet_dirigeable_forestier/BlimpForestWarden/qorc-sdk/qf_apps/qf_ssi_ai_app/GCC_Project/output/Wire.o
                0x0000000000000428                TwoWire::requestFrom(int, int)
 *fill*         0x000000000000042e        0x2 
 .text._ZN7TwoWire5writeEPKhi
                0x0000000000000430       0x38 /mnt/d/projet_dirigeable_forestier/BlimpForestWarden/qorc-sdk/qf_apps/qf_ssi_ai_app/GCC_Project/output/Wire.o
                0x0000000000000430                TwoWire::write(unsigned char const*, int)
 .text._ZN7TwoWire5writeEh
                0x0000000000000468       0x16 /mnt/d/projet_dirigeable_forestier/BlimpForestWarden/qorc-sdk/qf_apps/qf_ssi_ai_app/GCC_Project/output/Wire.o
                0x0000000000000468                TwoWire::write(unsigned char)
 *fill*         0x000000000000047e        0x2 
 .text._ZN7TwoWire9availableEv
                0x0000000000000480        0xc /mnt/d/projet_dirigeable_forestier/BlimpForestWarden/qorc-sdk/qf_apps/qf_ssi_ai_app/GCC_Project/output/Wire.o
                0x0000000000000480                TwoWire::available()
 .text._ZN7TwoWire4readEv
                0x000000000000048c       0x2c /mnt/d/projet_dirigeable_forestier/BlimpForestWarden/qorc-sdk/qf_apps/qf_ssi_ai_app/GCC_Project/output/Wire.o
                0x000000000000048c                TwoWire::read()
 .text._write   0x00000000000004b8        0xe /mnt/d/projet_dirigeable_forestier/BlimpForestWarden/qorc-sdk/qf_apps/qf_ssi_ai_app/GCC_Project/output/c_lib_retarget.o
                0x00000000000004b8                _write
 .text._close   0x00000000000004c6        0x6 /mnt/d/projet_dirigeable_forestier/BlimpForestWarden/qorc-sdk/qf_apps/qf_ssi_ai_app/GCC_Project/output/c_lib_retarget.o
                0x00000000000004c6                _close
 .text._lseek   0x00000000000004cc        0x4 /mnt/d/projet_dirigeable_forestier/BlimpForestWarden/qorc-sdk/qf_apps/qf_ssi_ai_app/GCC_Project/output/c_lib_retarget.o
                0x00000000000004cc                _lseek
 .text._read    0x00000000000004d0        0x4 /mnt/d/projet_dirigeable_forestier/BlimpForestWarden/qorc-sdk/qf_apps/qf_ssi_ai_app/GCC_Project/output/c_lib_retarget.o
                0x00000000000004d0                _read
 .text.datablk_mgr_acquire_common
                0x00000000000004d4       0x80 /mnt/d/projet_dirigeable_forestier/BlimpForestWarden/qorc-sdk/qf_apps/qf_ssi_ai_app/GCC_Project/output/datablk_mgr.o
 .text.datablk_mgr_init
                0x0000000000000554       0xdc /mnt/d/projet_dirigeable_forestier/BlimpForestWarden/qorc-sdk/qf_apps/qf_ssi_ai_app/GCC_Project/output/datablk_mgr.o
                0x0000000000000554                datablk_mgr_init
 .text.datablk_mgr_acquire
                0x0000000000000630        0x6 /mnt/d/projet_dirigeable_forestier/BlimpForestWarden/qorc-sdk/qf_apps/qf_ssi_ai_app/GCC_Project/output/datablk_mgr.o
                0x0000000000000630                datablk_mgr_acquire
 .text.datablk_mgr_acquireFromISR
                0x0000000000000636        0x8 /mnt/d/projet_dirigeable_forestier/BlimpForestWarden/qorc-sdk/qf_apps/qf_ssi_ai_app/GCC_Project/output/datablk_mgr.o
                0x0000000000000636                datablk_mgr_acquireFromISR
 .text.datablk_mgr_usecount_increment
                0x000000000000063e       0x18 /mnt/d/projet_dirigeable_forestier/BlimpForestWarden/qorc-sdk/qf_apps/qf_ssi_ai_app/GCC_Project/output/datablk_mgr.o
                0x000000000000063e                datablk_mgr_usecount_increment
 .text.datablk_mgr_validity_check
                0x0000000000000656       0x1a /mnt/d/projet_dirigeable_forestier/BlimpForestWarden/qorc-sdk/qf_apps/qf_ssi_ai_app/GCC_Project/output/datablk_mgr.o
                0x0000000000000656                datablk_mgr_validity_check
 .text.datablk_mgr_release_common
                0x0000000000000670       0x8c /mnt/d/projet_dirigeable_forestier/BlimpForestWarden/qorc-sdk/qf_apps/qf_ssi_ai_app/GCC_Project/output/datablk_mgr.o
                0x0000000000000670                datablk_mgr_release_common
 .text.datablk_mgr_release
                0x00000000000006fc        0x6 /mnt/d/projet_dirigeable_forestier/BlimpForestWarden/qorc-sdk/qf_apps/qf_ssi_ai_app/GCC_Project/output/datablk_mgr.o
                0x00000000000006fc                datablk_mgr_release
 *fill*         0x0000000000000702        0x2 
 .text.datablk_mgr_WriteDataBufferToQueues
                0x0000000000000704       0x74 /mnt/d/projet_dirigeable_forestier/BlimpForestWarden/qorc-sdk/qf_apps/qf_ssi_ai_app/GCC_Project/output/datablk_mgr.o
                0x0000000000000704                datablk_mgr_WriteDataBufferToQueues
 .text.datablk_mgr_WriteDataBufferToQueuesFromISR
                0x0000000000000778       0x60 /mnt/d/projet_dirigeable_forestier/BlimpForestWarden/qorc-sdk/qf_apps/qf_ssi_ai_app/GCC_Project/output/datablk_mgr.o
                0x0000000000000778                datablk_mgr_WriteDataBufferToQueuesFromISR
 .text.datablk_processor_task
                0x00000000000007d8      0x114 /mnt/d/projet_dirigeable_forestier/BlimpForestWarden/qorc-sdk/qf_apps/qf_ssi_ai_app/GCC_Project/output/datablk_processor.o
 .text.datablk_pe_process_bypass_func
                0x00000000000008ec       0x18 /mnt/d/projet_dirigeable_forestier/BlimpForestWarden/qorc-sdk/qf_apps/qf_ssi_ai_app/GCC_Project/output/datablk_processor.o
 .text.datablk_processor_task_setup
                0x0000000000000904       0x48 /mnt/d/projet_dirigeable_forestier/BlimpForestWarden/qorc-sdk/qf_apps/qf_ssi_ai_app/GCC_Project/output/datablk_processor.o
                0x0000000000000904                datablk_processor_task_setup
 .text.set_recognition_current_block_time
                0x000000000000094c       0x18 /mnt/d/projet_dirigeable_forestier/BlimpForestWarden/qorc-sdk/qf_apps/qf_ssi_ai_app/GCC_Project/output/datasave.o
                0x000000000000094c                set_recognition_current_block_time
 .text.__debug_lockup
                0x0000000000000964       0x14 /mnt/d/projet_dirigeable_forestier/BlimpForestWarden/qorc-sdk/qf_apps/qf_ssi_ai_app/GCC_Project/output/dbg_uart.o
 .text._semihost_write
                0x0000000000000978       0x54 /mnt/d/projet_dirigeable_forestier/BlimpForestWarden/qorc-sdk/qf_apps/qf_ssi_ai_app/GCC_Project/output/dbg_uart.o
                0x0000000000000978                _semihost_write
 .text.dbg_ch_raw
                0x00000000000009cc       0x74 /mnt/d/projet_dirigeable_forestier/BlimpForestWarden/qorc-sdk/qf_apps/qf_ssi_ai_app/GCC_Project/output/dbg_uart.o
                0x00000000000009cc                dbg_ch_raw
 .text.dbg_nl   0x0000000000000a40       0x12 /mnt/d/projet_dirigeable_forestier/BlimpForestWarden/qorc-sdk/qf_apps/qf_ssi_ai_app/GCC_Project/output/dbg_uart.o
                0x0000000000000a40                dbg_nl
 .text.dbg_ch   0x0000000000000a52        0xc /mnt/d/projet_dirigeable_forestier/BlimpForestWarden/qorc-sdk/qf_apps/qf_ssi_ai_app/GCC_Project/output/dbg_uart.o
                0x0000000000000a52                dbg_ch
 .text.dbg_hex4
                0x0000000000000a5e       0x14 /mnt/d/projet_dirigeable_forestier/BlimpForestWarden/qorc-sdk/qf_apps/qf_ssi_ai_app/GCC_Project/output/dbg_uart.o
 .text.dbg_hex8
                0x0000000000000a72       0x14 /mnt/d/projet_dirigeable_forestier/BlimpForestWarden/qorc-sdk/qf_apps/qf_ssi_ai_app/GCC_Project/output/dbg_uart.o
                0x0000000000000a72                dbg_hex8
 .text.dbg_hex16
                0x0000000000000a86       0x14 /mnt/d/projet_dirigeable_forestier/BlimpForestWarden/qorc-sdk/qf_apps/qf_ssi_ai_app/GCC_Project/output/dbg_uart.o
                0x0000000000000a86                dbg_hex16
 .text.dbg_hex32
                0x0000000000000a9a       0x14 /mnt/d/projet_dirigeable_forestier/BlimpForestWarden/qorc-sdk/qf_apps/qf_ssi_ai_app/GCC_Project/output/dbg_uart.o
                0x0000000000000a9a                dbg_hex32
 .text._dbg_int
                0x0000000000000aae       0x20 /mnt/d/projet_dirigeable_forestier/BlimpForestWarden/qorc-sdk/qf_apps/qf_ssi_ai_app/GCC_Project/output/dbg_uart.o
 .text.dbg_memdumpx
                0x0000000000000ace       0xde /mnt/d/projet_dirigeable_forestier/BlimpForestWarden/qorc-sdk/qf_apps/qf_ssi_ai_app/GCC_Project/output/dbg_uart.o
 .text.dbg_str  0x0000000000000bac       0x84 /mnt/d/projet_dirigeable_forestier/BlimpForestWarden/qorc-sdk/qf_apps/qf_ssi_ai_app/GCC_Project/output/dbg_uart.o
                0x0000000000000bac                dbg_str
 .text._dbg_str_xxx
                0x0000000000000c30       0x16 /mnt/d/projet_dirigeable_forestier/BlimpForestWarden/qorc-sdk/qf_apps/qf_ssi_ai_app/GCC_Project/output/dbg_uart.o
 .text.dbg_str_hexXX
                0x0000000000000c46       0x22 /mnt/d/projet_dirigeable_forestier/BlimpForestWarden/qorc-sdk/qf_apps/qf_ssi_ai_app/GCC_Project/output/dbg_uart.o
 .text.dbg_int  0x0000000000000c68       0x24 /mnt/d/projet_dirigeable_forestier/BlimpForestWarden/qorc-sdk/qf_apps/qf_ssi_ai_app/GCC_Project/output/dbg_uart.o
                0x0000000000000c68                dbg_int
 .text.dbg_str_str
                0x0000000000000c8c       0x16 /mnt/d/projet_dirigeable_forestier/BlimpForestWarden/qorc-sdk/qf_apps/qf_ssi_ai_app/GCC_Project/output/dbg_uart.o
                0x0000000000000c8c                dbg_str_str
 .text.dbg_str_int
                0x0000000000000ca2       0x16 /mnt/d/projet_dirigeable_forestier/BlimpForestWarden/qorc-sdk/qf_apps/qf_ssi_ai_app/GCC_Project/output/dbg_uart.o
                0x0000000000000ca2                dbg_str_int
 .text.dbg_str_int_noln
                0x0000000000000cb8       0x12 /mnt/d/projet_dirigeable_forestier/BlimpForestWarden/qorc-sdk/qf_apps/qf_ssi_ai_app/GCC_Project/output/dbg_uart.o
                0x0000000000000cb8                dbg_str_int_noln
 *fill*         0x0000000000000cca        0x2 
 .text.dbg_str_hex32
                0x0000000000000ccc        0xc /mnt/d/projet_dirigeable_forestier/BlimpForestWarden/qorc-sdk/qf_apps/qf_ssi_ai_app/GCC_Project/output/dbg_uart.o
                0x0000000000000ccc                dbg_str_hex32
 .text.dbg_fatal_error
                0x0000000000000cd8       0x12 /mnt/d/projet_dirigeable_forestier/BlimpForestWarden/qorc-sdk/qf_apps/qf_ssi_ai_app/GCC_Project/output/dbg_uart.o
                0x0000000000000cd8                dbg_fatal_error
 .text.dbg_fatal_error_int
                0x0000000000000cea        0xe /mnt/d/projet_dirigeable_forestier/BlimpForestWarden/qorc-sdk/qf_apps/qf_ssi_ai_app/GCC_Project/output/dbg_uart.o
                0x0000000000000cea                dbg_fatal_error_int
 .text.dbg_memdump32
                0x0000000000000cf8       0x1e /mnt/d/projet_dirigeable_forestier/BlimpForestWarden/qorc-sdk/qf_apps/qf_ssi_ai_app/GCC_Project/output/dbg_uart.o
                0x0000000000000cf8                dbg_memdump32
 *fill*         0x0000000000000d16        0x2 
 .text.onDmac0BlockDone
                0x0000000000000d18       0x20 /mnt/d/projet_dirigeable_forestier/BlimpForestWarden/qorc-sdk/qf_apps/qf_ssi_ai_app/GCC_Project/output/eoss3_hal_audio.o
                0x0000000000000d18                onDmac0BlockDone
 .text.onDmac0BufferDone
                0x0000000000000d38       0x20 /mnt/d/projet_dirigeable_forestier/BlimpForestWarden/qorc-sdk/qf_apps/qf_ssi_ai_app/GCC_Project/output/eoss3_hal_audio.o
                0x0000000000000d38                onDmac0BufferDone
 .text.audio_isr_onDmac0BufferDone
                0x0000000000000d58       0xcc /mnt/d/projet_dirigeable_forestier/BlimpForestWarden/qorc-sdk/qf_apps/qf_ssi_ai_app/GCC_Project/output/eoss3_hal_audio.o
                0x0000000000000d58                audio_isr_onDmac0BufferDone
 .text.HAL_usbserial_init_common
                0x0000000000000e24      0x108 /mnt/d/projet_dirigeable_forestier/BlimpForestWarden/qorc-sdk/qf_apps/qf_ssi_ai_app/GCC_Project/output/eoss3_hal_fpga_usbserial.o
 .text.HAL_usbserial_isrfunc
                0x0000000000000f2c       0x50 /mnt/d/projet_dirigeable_forestier/BlimpForestWarden/qorc-sdk/qf_apps/qf_ssi_ai_app/GCC_Project/output/eoss3_hal_fpga_usbserial.o
 .text.HAL_usbserial_init2
                0x0000000000000f7c        0x8 /mnt/d/projet_dirigeable_forestier/BlimpForestWarden/qorc-sdk/qf_apps/qf_ssi_ai_app/GCC_Project/output/eoss3_hal_fpga_usbserial.o
                0x0000000000000f7c                HAL_usbserial_init2
 .text.HAL_usbserial_init
                0x0000000000000f84        0xa /mnt/d/projet_dirigeable_forestier/BlimpForestWarden/qorc-sdk/qf_apps/qf_ssi_ai_app/GCC_Project/output/eoss3_hal_fpga_usbserial.o
                0x0000000000000f84                HAL_usbserial_init
 *fill*         0x0000000000000f8e        0x2 
 .text.HAL_usbserial_putc
                0x0000000000000f90       0x20 /mnt/d/projet_dirigeable_forestier/BlimpForestWarden/qorc-sdk/qf_apps/qf_ssi_ai_app/GCC_Project/output/eoss3_hal_fpga_usbserial.o
                0x0000000000000f90                HAL_usbserial_putc
 .text.HAL_GPIO_Write
                0x0000000000000fb0       0x28 /mnt/d/projet_dirigeable_forestier/BlimpForestWarden/qorc-sdk/qf_apps/qf_ssi_ai_app/GCC_Project/output/eoss3_hal_gpio.o
                0x0000000000000fb0                HAL_GPIO_Write
 .text.HAL_I2C_SetClockFreq
                0x0000000000000fd8       0x84 /mnt/d/projet_dirigeable_forestier/BlimpForestWarden/qorc-sdk/qf_apps/qf_ssi_ai_app/GCC_Project/output/eoss3_hal_i2c.o
                0x0000000000000fd8                HAL_I2C_SetClockFreq
 .text.HAL_I2C_Init
                0x000000000000105c       0x64 /mnt/d/projet_dirigeable_forestier/BlimpForestWarden/qorc-sdk/qf_apps/qf_ssi_ai_app/GCC_Project/output/eoss3_hal_i2c.o
                0x000000000000105c                HAL_I2C_Init
 .text.HAL_I2C_ReadRawData
                0x00000000000010c0       0xec /mnt/d/projet_dirigeable_forestier/BlimpForestWarden/qorc-sdk/qf_apps/qf_ssi_ai_app/GCC_Project/output/eoss3_hal_i2c.o
                0x00000000000010c0                HAL_I2C_ReadRawData
 .text.HAL_I2C_WriteRawData
                0x00000000000011ac      0x104 /mnt/d/projet_dirigeable_forestier/BlimpForestWarden/qorc-sdk/qf_apps/qf_ssi_ai_app/GCC_Project/output/eoss3_hal_i2c.o
                0x00000000000011ac                HAL_I2C_WriteRawData
 .text.HAL_PAD_Config
                0x00000000000012b0      0x194 /mnt/d/projet_dirigeable_forestier/BlimpForestWarden/qorc-sdk/qf_apps/qf_ssi_ai_app/GCC_Project/output/eoss3_hal_pad_config.o
                0x00000000000012b0                HAL_PAD_Config
 .text.configure_s3_pads
                0x0000000000001444       0x1a /mnt/d/projet_dirigeable_forestier/BlimpForestWarden/qorc-sdk/qf_apps/qf_ssi_ai_app/GCC_Project/output/eoss3_hal_pad_config.o
                0x0000000000001444                configure_s3_pads
 *fill*         0x000000000000145e        0x2 
 .text.eoss3_rtc_enable_irq
                0x0000000000001460       0x28 /mnt/d/projet_dirigeable_forestier/BlimpForestWarden/qorc-sdk/qf_apps/qf_ssi_ai_app/GCC_Project/output/eoss3_hal_rtc.o
 .text.write_rtc_reg
                0x0000000000001488       0x18 /mnt/d/projet_dirigeable_forestier/BlimpForestWarden/qorc-sdk/qf_apps/qf_ssi_ai_app/GCC_Project/output/eoss3_hal_rtc.o
 .text.__rtc_setup_alarm.isra.0
                0x00000000000014a0       0x44 /mnt/d/projet_dirigeable_forestier/BlimpForestWarden/qorc-sdk/qf_apps/qf_ssi_ai_app/GCC_Project/output/eoss3_hal_rtc.o
 .text.HAL_RTC_ISR
                0x00000000000014e4       0x24 /mnt/d/projet_dirigeable_forestier/BlimpForestWarden/qorc-sdk/qf_apps/qf_ssi_ai_app/GCC_Project/output/eoss3_hal_rtc.o
                0x00000000000014e4                HAL_RTC_ISR
 .text.unlock_spi1_bus
                0x0000000000001508       0x5c /mnt/d/projet_dirigeable_forestier/BlimpForestWarden/qorc-sdk/qf_apps/qf_ssi_ai_app/GCC_Project/output/eoss3_hal_spi.o
                0x0000000000001508                unlock_spi1_bus
 .text.SPI_DMA_Complete
                0x0000000000001564       0x88 /mnt/d/projet_dirigeable_forestier/BlimpForestWarden/qorc-sdk/qf_apps/qf_ssi_ai_app/GCC_Project/output/eoss3_hal_spi.o
                0x0000000000001564                SPI_DMA_Complete
 .text.HAL_SPI_IRQHandler
                0x00000000000015ec       0x6c /mnt/d/projet_dirigeable_forestier/BlimpForestWarden/qorc-sdk/qf_apps/qf_ssi_ai_app/GCC_Project/output/eoss3_hal_spi.o
                0x00000000000015ec                HAL_SPI_IRQHandler
 .text.HAL_Delay_Init
                0x0000000000001658       0x54 /mnt/d/projet_dirigeable_forestier/BlimpForestWarden/qorc-sdk/qf_apps/qf_ssi_ai_app/GCC_Project/output/eoss3_hal_timer.o
                0x0000000000001658                HAL_Delay_Init
 .text.HAL_DelayUSec
                0x00000000000016ac       0x28 /mnt/d/projet_dirigeable_forestier/BlimpForestWarden/qorc-sdk/qf_apps/qf_ssi_ai_app/GCC_Project/output/eoss3_hal_timer.o
                0x00000000000016ac                HAL_DelayUSec
 .text.HAL_Timer_ISR
                0x00000000000016d4       0x88 /mnt/d/projet_dirigeable_forestier/BlimpForestWarden/qorc-sdk/qf_apps/qf_ssi_ai_app/GCC_Project/output/eoss3_hal_timer.o
                0x00000000000016d4                HAL_Timer_ISR
 .text.uart_baud_rate
                0x000000000000175c       0xa0 /mnt/d/projet_dirigeable_forestier/BlimpForestWarden/qorc-sdk/qf_apps/qf_ssi_ai_app/GCC_Project/output/eoss3_hal_uart.o
 .text.is_hw_uart_enabled
                0x00000000000017fc       0x20 /mnt/d/projet_dirigeable_forestier/BlimpForestWarden/qorc-sdk/qf_apps/qf_ssi_ai_app/GCC_Project/output/eoss3_hal_uart.o
 .text.uart_disable
                0x000000000000181c       0x1c /mnt/d/projet_dirigeable_forestier/BlimpForestWarden/qorc-sdk/qf_apps/qf_ssi_ai_app/GCC_Project/output/eoss3_hal_uart.o
 .text.uart_lpm_callback
                0x0000000000001838       0x70 /mnt/d/projet_dirigeable_forestier/BlimpForestWarden/qorc-sdk/qf_apps/qf_ssi_ai_app/GCC_Project/output/eoss3_hal_uart.o
 .text.uart_init
                0x00000000000018a8      0x18c /mnt/d/projet_dirigeable_forestier/BlimpForestWarden/qorc-sdk/qf_apps/qf_ssi_ai_app/GCC_Project/output/eoss3_hal_uart.o
                0x00000000000018a8                uart_init
 .text.uart_isr_handler
                0x0000000000001a34       0x84 /mnt/d/projet_dirigeable_forestier/BlimpForestWarden/qorc-sdk/qf_apps/qf_ssi_ai_app/GCC_Project/output/eoss3_hal_uart.o
                0x0000000000001a34                uart_isr_handler
 .text.uart_tx_raw
                0x0000000000001ab8       0x48 /mnt/d/projet_dirigeable_forestier/BlimpForestWarden/qorc-sdk/qf_apps/qf_ssi_ai_app/GCC_Project/output/eoss3_hal_uart.o
                0x0000000000001ab8                uart_tx_raw
 .text.uart_tx  0x0000000000001b00       0x1c /mnt/d/projet_dirigeable_forestier/BlimpForestWarden/qorc-sdk/qf_apps/qf_ssi_ai_app/GCC_Project/output/eoss3_hal_uart.o
                0x0000000000001b00                uart_tx
 .text.uart_tx_buf
                0x0000000000001b1c       0x1a /mnt/d/projet_dirigeable_forestier/BlimpForestWarden/qorc-sdk/qf_apps/qf_ssi_ai_app/GCC_Project/output/eoss3_hal_uart.o
                0x0000000000001b1c                uart_tx_buf
 .text.uart_tx_raw_buf
                0x0000000000001b36       0x1a /mnt/d/projet_dirigeable_forestier/BlimpForestWarden/qorc-sdk/qf_apps/qf_ssi_ai_app/GCC_Project/output/eoss3_hal_uart.o
                0x0000000000001b36                uart_tx_raw_buf
 .text.HAL_WB_Transmit
                0x0000000000001b50       0x3c /mnt/d/projet_dirigeable_forestier/BlimpForestWarden/qorc-sdk/qf_apps/qf_ssi_ai_app/GCC_Project/output/eoss3_hal_wb.o
                0x0000000000001b50                HAL_WB_Transmit
 .text.HAL_WB_Receive
                0x0000000000001b8c       0x44 /mnt/d/projet_dirigeable_forestier/BlimpForestWarden/qorc-sdk/qf_apps/qf_ssi_ai_app/GCC_Project/output/eoss3_hal_wb.o
                0x0000000000001b8c                HAL_WB_Receive
 .text.HAL_WB_Init
                0x0000000000001bd0      0x10c /mnt/d/projet_dirigeable_forestier/BlimpForestWarden/qorc-sdk/qf_apps/qf_ssi_ai_app/GCC_Project/output/eoss3_hal_wb.o
                0x0000000000001bd0                HAL_WB_Init
 .text.WDT_ISR  0x0000000000001cdc       0x8c /mnt/d/projet_dirigeable_forestier/BlimpForestWarden/qorc-sdk/qf_apps/qf_ssi_ai_app/GCC_Project/output/eoss3_hal_wdt.o
                0x0000000000001cdc                WDT_ISR
 .text.spurious_interrupt
                0x0000000000001d68        0xc /mnt/d/projet_dirigeable_forestier/BlimpForestWarden/qorc-sdk/qf_apps/qf_ssi_ai_app/GCC_Project/output/exceptions.o
 .text.prvGetRegistersFromStack
                0x0000000000001d74       0xf0 /mnt/d/projet_dirigeable_forestier/BlimpForestWarden/qorc-sdk/qf_apps/qf_ssi_ai_app/GCC_Project/output/exceptions.o
                0x0000000000001d74                prvGetRegistersFromStack
 .text.HardFault_Handler
                0x0000000000001e64       0x16 /mnt/d/projet_dirigeable_forestier/BlimpForestWarden/qorc-sdk/qf_apps/qf_ssi_ai_app/GCC_Project/output/exceptions.o
                0x0000000000001e64                HardFault_Handler
 .text.NMI_Handler
                0x0000000000001e7a        0x6 /mnt/d/projet_dirigeable_forestier/BlimpForestWarden/qorc-sdk/qf_apps/qf_ssi_ai_app/GCC_Project/output/exceptions.o
                0x0000000000001e7a                NMI_Handler
 .text.MemManage_Handler
                0x0000000000001e80        0x6 /mnt/d/projet_dirigeable_forestier/BlimpForestWarden/qorc-sdk/qf_apps/qf_ssi_ai_app/GCC_Project/output/exceptions.o
                0x0000000000001e80                MemManage_Handler
 .text.BusFault_Handler
                0x0000000000001e86        0x6 /mnt/d/projet_dirigeable_forestier/BlimpForestWarden/qorc-sdk/qf_apps/qf_ssi_ai_app/GCC_Project/output/exceptions.o
                0x0000000000001e86                BusFault_Handler
 .text.UsageFault_Handler
                0x0000000000001e8c        0x6 /mnt/d/projet_dirigeable_forestier/BlimpForestWarden/qorc-sdk/qf_apps/qf_ssi_ai_app/GCC_Project/output/exceptions.o
                0x0000000000001e8c                UsageFault_Handler
 .text.DebugMon_Handler
                0x0000000000001e92        0x6 /mnt/d/projet_dirigeable_forestier/BlimpForestWarden/qorc-sdk/qf_apps/qf_ssi_ai_app/GCC_Project/output/exceptions.o
                0x0000000000001e92                DebugMon_Handler
 .text.Uart_Handler
                0x0000000000001e98       0x50 /mnt/d/projet_dirigeable_forestier/BlimpForestWarden/qorc-sdk/qf_apps/qf_ssi_ai_app/GCC_Project/output/exceptions.o
                0x0000000000001e98                Uart_Handler
 .text.Timer_Handler
                0x0000000000001ee8       0x24 /mnt/d/projet_dirigeable_forestier/BlimpForestWarden/qorc-sdk/qf_apps/qf_ssi_ai_app/GCC_Project/output/exceptions.o
                0x0000000000001ee8                Timer_Handler
 .text.CpuWdtInt_Handler
                0x0000000000001f0c       0x24 /mnt/d/projet_dirigeable_forestier/BlimpForestWarden/qorc-sdk/qf_apps/qf_ssi_ai_app/GCC_Project/output/exceptions.o
                0x0000000000001f0c                CpuWdtInt_Handler
 .text.CpuWdtRst_Handler
                0x0000000000001f30        0x6 /mnt/d/projet_dirigeable_forestier/BlimpForestWarden/qorc-sdk/qf_apps/qf_ssi_ai_app/GCC_Project/output/exceptions.o
                0x0000000000001f30                CpuWdtRst_Handler
 .text.BusTimeout_Handler
                0x0000000000001f36        0x6 /mnt/d/projet_dirigeable_forestier/BlimpForestWarden/qorc-sdk/qf_apps/qf_ssi_ai_app/GCC_Project/output/exceptions.o
                0x0000000000001f36                BusTimeout_Handler
 .text.Fpu_Handler
                0x0000000000001f3c        0x6 /mnt/d/projet_dirigeable_forestier/BlimpForestWarden/qorc-sdk/qf_apps/qf_ssi_ai_app/GCC_Project/output/exceptions.o
                0x0000000000001f3c                Fpu_Handler
 *fill*         0x0000000000001f42        0x2 
 .text.Pkfb_Handler
                0x0000000000001f44       0x10 /mnt/d/projet_dirigeable_forestier/BlimpForestWarden/qorc-sdk/qf_apps/qf_ssi_ai_app/GCC_Project/output/exceptions.o
                0x0000000000001f44                Pkfb_Handler
 .text.I2s_Handler
                0x0000000000001f54        0x6 /mnt/d/projet_dirigeable_forestier/BlimpForestWarden/qorc-sdk/qf_apps/qf_ssi_ai_app/GCC_Project/output/exceptions.o
                0x0000000000001f54                I2s_Handler
 .text.Audio_Handler
                0x0000000000001f5a        0x6 /mnt/d/projet_dirigeable_forestier/BlimpForestWarden/qorc-sdk/qf_apps/qf_ssi_ai_app/GCC_Project/output/exceptions.o
                0x0000000000001f5a                Audio_Handler
 .text.SpiMs_Handler
                0x0000000000001f60       0x5c /mnt/d/projet_dirigeable_forestier/BlimpForestWarden/qorc-sdk/qf_apps/qf_ssi_ai_app/GCC_Project/output/exceptions.o
                0x0000000000001f60                SpiMs_Handler
 .text.CfgDma_Handler
                0x0000000000001fbc       0x28 /mnt/d/projet_dirigeable_forestier/BlimpForestWarden/qorc-sdk/qf_apps/qf_ssi_ai_app/GCC_Project/output/exceptions.o
                0x0000000000001fbc                CfgDma_Handler
 .text.PmuTimer_Handler
                0x0000000000001fe4        0x2 /mnt/d/projet_dirigeable_forestier/BlimpForestWarden/qorc-sdk/qf_apps/qf_ssi_ai_app/GCC_Project/output/exceptions.o
                0x0000000000001fe4                PmuTimer_Handler
 .text.AdcDone_Handler
                0x0000000000001fe6        0x8 /mnt/d/projet_dirigeable_forestier/BlimpForestWarden/qorc-sdk/qf_apps/qf_ssi_ai_app/GCC_Project/output/exceptions.o
                0x0000000000001fe6                AdcDone_Handler
 *fill*         0x0000000000001fee        0x2 
 .text.RtcAlarm_Handler
                0x0000000000001ff0       0x1c /mnt/d/projet_dirigeable_forestier/BlimpForestWarden/qorc-sdk/qf_apps/qf_ssi_ai_app/GCC_Project/output/exceptions.o
                0x0000000000001ff0                RtcAlarm_Handler
 .text.ResetInt_Handler
                0x000000000000200c        0x8 /mnt/d/projet_dirigeable_forestier/BlimpForestWarden/qorc-sdk/qf_apps/qf_ssi_ai_app/GCC_Project/output/exceptions.o
                0x000000000000200c                ResetInt_Handler
 .text.Ffe0_Handler
                0x0000000000002014       0x18 /mnt/d/projet_dirigeable_forestier/BlimpForestWarden/qorc-sdk/qf_apps/qf_ssi_ai_app/GCC_Project/output/exceptions.o
                0x0000000000002014                Ffe0_Handler
 .text.FbMsg_Handler
                0x000000000000202c       0x70 /mnt/d/projet_dirigeable_forestier/BlimpForestWarden/qorc-sdk/qf_apps/qf_ssi_ai_app/GCC_Project/output/exceptions.o
                0x000000000000202c                FbMsg_Handler
 .text.FB_RegisterISR
                0x000000000000209c       0x10 /mnt/d/projet_dirigeable_forestier/BlimpForestWarden/qorc-sdk/qf_apps/qf_ssi_ai_app/GCC_Project/output/exceptions.o
                0x000000000000209c                FB_RegisterISR
 .text.FB_ConfigureInterrupt
                0x00000000000020ac       0x7c /mnt/d/projet_dirigeable_forestier/BlimpForestWarden/qorc-sdk/qf_apps/qf_ssi_ai_app/GCC_Project/output/exceptions.o
                0x00000000000020ac                FB_ConfigureInterrupt
 .text.SensorGpio_Handler
                0x0000000000002128        0x8 /mnt/d/projet_dirigeable_forestier/BlimpForestWarden/qorc-sdk/qf_apps/qf_ssi_ai_app/GCC_Project/output/exceptions.o
                0x0000000000002128                SensorGpio_Handler
 .text.M4SramSleep_Handler
                0x0000000000002130        0x8 /mnt/d/projet_dirigeable_forestier/BlimpForestWarden/qorc-sdk/qf_apps/qf_ssi_ai_app/GCC_Project/output/exceptions.o
                0x0000000000002130                M4SramSleep_Handler
 .text.LDO30_PG_Handler
                0x0000000000002138        0x8 /mnt/d/projet_dirigeable_forestier/BlimpForestWarden/qorc-sdk/qf_apps/qf_ssi_ai_app/GCC_Project/output/exceptions.o
                0x0000000000002138                LDO30_PG_Handler
 .text.LDO50_PG_Handler
                0x0000000000002140        0x8 /mnt/d/projet_dirigeable_forestier/BlimpForestWarden/qorc-sdk/qf_apps/qf_ssi_ai_app/GCC_Project/output/exceptions.o
                0x0000000000002140                LDO50_PG_Handler
 .text.DMIC_Voice_Det_Handler
                0x0000000000002148        0x8 /mnt/d/projet_dirigeable_forestier/BlimpForestWarden/qorc-sdk/qf_apps/qf_ssi_ai_app/GCC_Project/output/exceptions.o
                0x0000000000002148                DMIC_Voice_Det_Handler
 .text.ApPDMClkOn_Handler
                0x0000000000002150        0x8 /mnt/d/projet_dirigeable_forestier/BlimpForestWarden/qorc-sdk/qf_apps/qf_ssi_ai_app/GCC_Project/output/exceptions.o
                0x0000000000002150                ApPDMClkOn_Handler
 .text.ApPDMClkOff_Handler
                0x0000000000002158        0x8 /mnt/d/projet_dirigeable_forestier/BlimpForestWarden/qorc-sdk/qf_apps/qf_ssi_ai_app/GCC_Project/output/exceptions.o
                0x0000000000002158                ApPDMClkOff_Handler
 .text.Dmac0BlkDone_Handler
                0x0000000000002160        0x4 /mnt/d/projet_dirigeable_forestier/BlimpForestWarden/qorc-sdk/qf_apps/qf_ssi_ai_app/GCC_Project/output/exceptions.o
                0x0000000000002160                Dmac0BlkDone_Handler
 .text.Dmac0BufDone_Handler
                0x0000000000002164       0x10 /mnt/d/projet_dirigeable_forestier/BlimpForestWarden/qorc-sdk/qf_apps/qf_ssi_ai_app/GCC_Project/output/exceptions.o
                0x0000000000002164                Dmac0BufDone_Handler
 .text.Dmac1BlkDone_Handler
                0x0000000000002174        0x8 /mnt/d/projet_dirigeable_forestier/BlimpForestWarden/qorc-sdk/qf_apps/qf_ssi_ai_app/GCC_Project/output/exceptions.o
                0x0000000000002174                Dmac1BlkDone_Handler
 .text.Dmac1BufDone_Handler
                0x000000000000217c        0x8 /mnt/d/projet_dirigeable_forestier/BlimpForestWarden/qorc-sdk/qf_apps/qf_ssi_ai_app/GCC_Project/output/exceptions.o
                0x000000000000217c                Dmac1BufDone_Handler
 .text.Sdma0Done_Handler
                0x0000000000002184        0x8 /mnt/d/projet_dirigeable_forestier/BlimpForestWarden/qorc-sdk/qf_apps/qf_ssi_ai_app/GCC_Project/output/exceptions.o
                0x0000000000002184                Sdma0Done_Handler
 .text.Sdma1Done_Handler
                0x000000000000218c        0x8 /mnt/d/projet_dirigeable_forestier/BlimpForestWarden/qorc-sdk/qf_apps/qf_ssi_ai_app/GCC_Project/output/exceptions.o
                0x000000000000218c                Sdma1Done_Handler
 .text.Sdma2Done_Handler
                0x0000000000002194        0x8 /mnt/d/projet_dirigeable_forestier/BlimpForestWarden/qorc-sdk/qf_apps/qf_ssi_ai_app/GCC_Project/output/exceptions.o
                0x0000000000002194                Sdma2Done_Handler
 .text.Sdma3Done_Handler
                0x000000000000219c        0x8 /mnt/d/projet_dirigeable_forestier/BlimpForestWarden/qorc-sdk/qf_apps/qf_ssi_ai_app/GCC_Project/output/exceptions.o
                0x000000000000219c                Sdma3Done_Handler
 .text.Sdma4Done_Handler
                0x00000000000021a4        0x8 /mnt/d/projet_dirigeable_forestier/BlimpForestWarden/qorc-sdk/qf_apps/qf_ssi_ai_app/GCC_Project/output/exceptions.o
                0x00000000000021a4                Sdma4Done_Handler
 .text.Sdma5Done_Handler
                0x00000000000021ac        0x8 /mnt/d/projet_dirigeable_forestier/BlimpForestWarden/qorc-sdk/qf_apps/qf_ssi_ai_app/GCC_Project/output/exceptions.o
                0x00000000000021ac                Sdma5Done_Handler
 .text.Sdma6Done_Handler
                0x00000000000021b4        0x8 /mnt/d/projet_dirigeable_forestier/BlimpForestWarden/qorc-sdk/qf_apps/qf_ssi_ai_app/GCC_Project/output/exceptions.o
                0x00000000000021b4                Sdma6Done_Handler
 .text.Sdma7Done_Handler
                0x00000000000021bc        0x8 /mnt/d/projet_dirigeable_forestier/BlimpForestWarden/qorc-sdk/qf_apps/qf_ssi_ai_app/GCC_Project/output/exceptions.o
                0x00000000000021bc                Sdma7Done_Handler
 .text.Sdma8Done_Handler
                0x00000000000021c4        0x8 /mnt/d/projet_dirigeable_forestier/BlimpForestWarden/qorc-sdk/qf_apps/qf_ssi_ai_app/GCC_Project/output/exceptions.o
                0x00000000000021c4                Sdma8Done_Handler
 .text.Sdma9Done_Handler
                0x00000000000021cc        0x8 /mnt/d/projet_dirigeable_forestier/BlimpForestWarden/qorc-sdk/qf_apps/qf_ssi_ai_app/GCC_Project/output/exceptions.o
                0x00000000000021cc                Sdma9Done_Handler
 .text.Sdma10Done_Handler
                0x00000000000021d4        0x8 /mnt/d/projet_dirigeable_forestier/BlimpForestWarden/qorc-sdk/qf_apps/qf_ssi_ai_app/GCC_Project/output/exceptions.o
                0x00000000000021d4                Sdma10Done_Handler
 .text.Sdma11Done_Handler
                0x00000000000021dc        0x8 /mnt/d/projet_dirigeable_forestier/BlimpForestWarden/qorc-sdk/qf_apps/qf_ssi_ai_app/GCC_Project/output/exceptions.o
                0x00000000000021dc                Sdma11Done_Handler
 .text.SdmaErr_Handler
                0x00000000000021e4        0x8 /mnt/d/projet_dirigeable_forestier/BlimpForestWarden/qorc-sdk/qf_apps/qf_ssi_ai_app/GCC_Project/output/exceptions.o
                0x00000000000021e4                SdmaErr_Handler
 .text.I2S_SlvM4TxOr_Handler
                0x00000000000021ec        0x8 /mnt/d/projet_dirigeable_forestier/BlimpForestWarden/qorc-sdk/qf_apps/qf_ssi_ai_app/GCC_Project/output/exceptions.o
                0x00000000000021ec                I2S_SlvM4TxOr_Handler
 .text.SRAM_128KB_Handler
                0x00000000000021f4        0x8 /mnt/d/projet_dirigeable_forestier/BlimpForestWarden/qorc-sdk/qf_apps/qf_ssi_ai_app/GCC_Project/output/exceptions.o
                0x00000000000021f4                SRAM_128KB_Handler
 .text.LPSD_Voice_Det_Handler
                0x00000000000021fc        0x8 /mnt/d/projet_dirigeable_forestier/BlimpForestWarden/qorc-sdk/qf_apps/qf_ssi_ai_app/GCC_Project/output/exceptions.o
                0x00000000000021fc                LPSD_Voice_Det_Handler
 .text.FfeWdt_Handler
                0x0000000000002204        0x8 /mnt/d/projet_dirigeable_forestier/BlimpForestWarden/qorc-sdk/qf_apps/qf_ssi_ai_app/GCC_Project/output/exceptions.o
                0x0000000000002204                FfeWdt_Handler
 .text.ApBoot_Handler
                0x000000000000220c        0x8 /mnt/d/projet_dirigeable_forestier/BlimpForestWarden/qorc-sdk/qf_apps/qf_ssi_ai_app/GCC_Project/output/exceptions.o
                0x000000000000220c                ApBoot_Handler
 .text.SwInt2_Handler
                0x0000000000002214        0x8 /mnt/d/projet_dirigeable_forestier/BlimpForestWarden/qorc-sdk/qf_apps/qf_ssi_ai_app/GCC_Project/output/exceptions.o
                0x0000000000002214                SwInt2_Handler
 .text.SwInt1_Handler
                0x000000000000221c       0x24 /mnt/d/projet_dirigeable_forestier/BlimpForestWarden/qorc-sdk/qf_apps/qf_ssi_ai_app/GCC_Project/output/exceptions.o
                0x000000000000221c                SwInt1_Handler
 .text.Ffe0Msg_Handler
                0x0000000000002240        0x8 /mnt/d/projet_dirigeable_forestier/BlimpForestWarden/qorc-sdk/qf_apps/qf_ssi_ai_app/GCC_Project/output/exceptions.o
                0x0000000000002240                Ffe0Msg_Handler
 .text.lpsdVoiceOffHandler
                0x0000000000002248        0x8 /mnt/d/projet_dirigeable_forestier/BlimpForestWarden/qorc-sdk/qf_apps/qf_ssi_ai_app/GCC_Project/output/exceptions.o
                0x0000000000002248                lpsdVoiceOffHandler
 .text.dmicVoiceOffHandler
                0x0000000000002250        0x8 /mnt/d/projet_dirigeable_forestier/BlimpForestWarden/qorc-sdk/qf_apps/qf_ssi_ai_app/GCC_Project/output/exceptions.o
                0x0000000000002250                dmicVoiceOffHandler
 .text.vApplicationMallocFailedHook
                0x0000000000002258       0x24 /mnt/d/projet_dirigeable_forestier/BlimpForestWarden/qorc-sdk/qf_apps/qf_ssi_ai_app/GCC_Project/output/exceptions.o
                0x0000000000002258                vApplicationMallocFailedHook
 .text.vApplicationStackOverflowHook
                0x000000000000227c       0x24 /mnt/d/projet_dirigeable_forestier/BlimpForestWarden/qorc-sdk/qf_apps/qf_ssi_ai_app/GCC_Project/output/exceptions.o
                0x000000000000227c                vApplicationStackOverflowHook
 .text.vApplicationTickHook
                0x00000000000022a0        0x2 /mnt/d/projet_dirigeable_forestier/BlimpForestWarden/qorc-sdk/qf_apps/qf_ssi_ai_app/GCC_Project/output/exceptions.o
                0x00000000000022a0                vApplicationTickHook
 .text.vApplicationIdleHook
                0x00000000000022a2        0x2 /mnt/d/projet_dirigeable_forestier/BlimpForestWarden/qorc-sdk/qf_apps/qf_ssi_ai_app/GCC_Project/output/exceptions.o
                0x00000000000022a2                vApplicationIdleHook
 .text.load_fpga
                0x00000000000022a4      0x118 /mnt/d/projet_dirigeable_forestier/BlimpForestWarden/qorc-sdk/qf_apps/qf_ssi_ai_app/GCC_Project/output/fpga_loader.o
                0x00000000000022a4                load_fpga
 .text.prvInsertBlockIntoFreeList
                0x00000000000023bc       0x74 /mnt/d/projet_dirigeable_forestier/BlimpForestWarden/qorc-sdk/qf_apps/qf_ssi_ai_app/GCC_Project/output/heap_4.o
 .text.pvPortMalloc
                0x0000000000002430      0x1a4 /mnt/d/projet_dirigeable_forestier/BlimpForestWarden/qorc-sdk/qf_apps/qf_ssi_ai_app/GCC_Project/output/heap_4.o
                0x0000000000002430                pvPortMalloc
 .text.vPortFree
                0x00000000000025d4       0xa0 /mnt/d/projet_dirigeable_forestier/BlimpForestWarden/qorc-sdk/qf_apps/qf_ssi_ai_app/GCC_Project/output/heap_4.o
                0x00000000000025d4                vPortFree
 .text.vListInitialise
                0x0000000000002674       0x16 /mnt/d/projet_dirigeable_forestier/BlimpForestWarden/qorc-sdk/qf_apps/qf_ssi_ai_app/GCC_Project/output/list.o
                0x0000000000002674                vListInitialise
 .text.vListInitialiseItem
                0x000000000000268a        0x6 /mnt/d/projet_dirigeable_forestier/BlimpForestWarden/qorc-sdk/qf_apps/qf_ssi_ai_app/GCC_Project/output/list.o
                0x000000000000268a                vListInitialiseItem
 .text.vListInsertEnd
                0x0000000000002690       0x18 /mnt/d/projet_dirigeable_forestier/BlimpForestWarden/qorc-sdk/qf_apps/qf_ssi_ai_app/GCC_Project/output/list.o
                0x0000000000002690                vListInsertEnd
 .text.vListInsert
                0x00000000000026a8       0x2e /mnt/d/projet_dirigeable_forestier/BlimpForestWarden/qorc-sdk/qf_apps/qf_ssi_ai_app/GCC_Project/output/list.o
                0x00000000000026a8                vListInsert
 .text.uxListRemove
                0x00000000000026d6       0x22 /mnt/d/projet_dirigeable_forestier/BlimpForestWarden/qorc-sdk/qf_apps/qf_ssi_ai_app/GCC_Project/output/list.o
                0x00000000000026d6                uxListRemove
 .text.startup.main
                0x00000000000026f8      0x10c /mnt/d/projet_dirigeable_forestier/BlimpForestWarden/qorc-sdk/qf_apps/qf_ssi_ai_app/GCC_Project/output/main.o
                0x00000000000026f8                main
 .text.SystemInit
                0x0000000000002804        0x2 /mnt/d/projet_dirigeable_forestier/BlimpForestWarden/qorc-sdk/qf_apps/qf_ssi_ai_app/GCC_Project/output/main.o
                0x0000000000002804                SystemInit
 *fill*         0x0000000000002806        0x2 
 .text.xTaskSet_uSecCount
                0x0000000000002808       0x2c /mnt/d/projet_dirigeable_forestier/BlimpForestWarden/qorc-sdk/qf_apps/qf_ssi_ai_app/GCC_Project/output/micro_tick64.o
                0x0000000000002808                xTaskSet_uSecCount
 .text.convert_to_uSecCount
                0x0000000000002834       0x38 /mnt/d/projet_dirigeable_forestier/BlimpForestWarden/qorc-sdk/qf_apps/qf_ssi_ai_app/GCC_Project/output/micro_tick64.o
                0x0000000000002834                convert_to_uSecCount
 .text.prvPortStartFirstTask
                0x000000000000286c       0x28 /mnt/d/projet_dirigeable_forestier/BlimpForestWarden/qorc-sdk/qf_apps/qf_ssi_ai_app/GCC_Project/output/port.o
 .text.vPortEnableVFP
                0x0000000000002894       0x14 /mnt/d/projet_dirigeable_forestier/BlimpForestWarden/qorc-sdk/qf_apps/qf_ssi_ai_app/GCC_Project/output/port.o
 .text.prvTaskExitError
                0x00000000000028a8       0x50 /mnt/d/projet_dirigeable_forestier/BlimpForestWarden/qorc-sdk/qf_apps/qf_ssi_ai_app/GCC_Project/output/port.o
 .text.pxPortInitialiseStack
                0x00000000000028f8       0x2c /mnt/d/projet_dirigeable_forestier/BlimpForestWarden/qorc-sdk/qf_apps/qf_ssi_ai_app/GCC_Project/output/port.o
                0x00000000000028f8                pxPortInitialiseStack
 *fill*         0x0000000000002924        0xc 
 .text.SVC_Handler
                0x0000000000002930       0x24 /mnt/d/projet_dirigeable_forestier/BlimpForestWarden/qorc-sdk/qf_apps/qf_ssi_ai_app/GCC_Project/output/port.o
                0x0000000000002930                SVC_Handler
 .text.vPortEnterCritical
                0x0000000000002954       0x58 /mnt/d/projet_dirigeable_forestier/BlimpForestWarden/qorc-sdk/qf_apps/qf_ssi_ai_app/GCC_Project/output/port.o
                0x0000000000002954                vPortEnterCritical
 .text.vPortExitCritical
                0x00000000000029ac       0x3c /mnt/d/projet_dirigeable_forestier/BlimpForestWarden/qorc-sdk/qf_apps/qf_ssi_ai_app/GCC_Project/output/port.o
                0x00000000000029ac                vPortExitCritical
 *fill*         0x00000000000029e8        0x8 
 .text.PendSV_Handler
                0x00000000000029f0       0x64 /mnt/d/projet_dirigeable_forestier/BlimpForestWarden/qorc-sdk/qf_apps/qf_ssi_ai_app/GCC_Project/output/port.o
                0x00000000000029f0                PendSV_Handler
 .text.xPortSysTickHandler
                0x0000000000002a54       0x2c /mnt/d/projet_dirigeable_forestier/BlimpForestWarden/qorc-sdk/qf_apps/qf_ssi_ai_app/GCC_Project/output/port.o
                0x0000000000002a54                xPortSysTickHandler
 .text.xPortStartScheduler
                0x0000000000002a80      0x158 /mnt/d/projet_dirigeable_forestier/BlimpForestWarden/qorc-sdk/qf_apps/qf_ssi_ai_app/GCC_Project/output/port.o
                0x0000000000002a80                xPortStartScheduler
 .text.vPortValidateInterruptPriority
                0x0000000000002bd8       0x7c /mnt/d/projet_dirigeable_forestier/BlimpForestWarden/qorc-sdk/qf_apps/qf_ssi_ai_app/GCC_Project/output/port.o
                0x0000000000002bd8                vPortValidateInterruptPriority
 .text.system_init
                0x0000000000002c54       0x6c /mnt/d/projet_dirigeable_forestier/BlimpForestWarden/qorc-sdk/qf_apps/qf_ssi_ai_app/GCC_Project/output/qf_hardwaresetup.o
                0x0000000000002c54                system_init
 .text.qf_hardwareSetup
                0x0000000000002cc0       0x74 /mnt/d/projet_dirigeable_forestier/BlimpForestWarden/qorc-sdk/qf_apps/qf_ssi_ai_app/GCC_Project/output/qf_hardwaresetup.o
                0x0000000000002cc0                qf_hardwareSetup
 .text.prvIsQueueEmpty
                0x0000000000002d34       0x16 /mnt/d/projet_dirigeable_forestier/BlimpForestWarden/qorc-sdk/qf_apps/qf_ssi_ai_app/GCC_Project/output/queue.o
 .text.prvCopyDataToQueue
                0x0000000000002d4a       0x72 /mnt/d/projet_dirigeable_forestier/BlimpForestWarden/qorc-sdk/qf_apps/qf_ssi_ai_app/GCC_Project/output/queue.o
 .text.prvCopyDataFromQueue
                0x0000000000002dbc       0x2a /mnt/d/projet_dirigeable_forestier/BlimpForestWarden/qorc-sdk/qf_apps/qf_ssi_ai_app/GCC_Project/output/queue.o
 .text.prvUnlockQueue
                0x0000000000002de6       0x70 /mnt/d/projet_dirigeable_forestier/BlimpForestWarden/qorc-sdk/qf_apps/qf_ssi_ai_app/GCC_Project/output/queue.o
 *fill*         0x0000000000002e56        0x2 
 .text.xQueueGenericReset
                0x0000000000002e58       0x90 /mnt/d/projet_dirigeable_forestier/BlimpForestWarden/qorc-sdk/qf_apps/qf_ssi_ai_app/GCC_Project/output/queue.o
                0x0000000000002e58                xQueueGenericReset
 .text.xQueueGenericCreate
                0x0000000000002ee8       0x74 /mnt/d/projet_dirigeable_forestier/BlimpForestWarden/qorc-sdk/qf_apps/qf_ssi_ai_app/GCC_Project/output/queue.o
                0x0000000000002ee8                xQueueGenericCreate
 .text.xQueueGenericSend
                0x0000000000002f5c      0x198 /mnt/d/projet_dirigeable_forestier/BlimpForestWarden/qorc-sdk/qf_apps/qf_ssi_ai_app/GCC_Project/output/queue.o
                0x0000000000002f5c                xQueueGenericSend
 .text.xQueueGenericSendDebug
                0x00000000000030f4       0x30 /mnt/d/projet_dirigeable_forestier/BlimpForestWarden/qorc-sdk/qf_apps/qf_ssi_ai_app/GCC_Project/output/queue.o
                0x00000000000030f4                xQueueGenericSendDebug
 .text.xQueueGenericSendFromISR
                0x0000000000003124       0xf0 /mnt/d/projet_dirigeable_forestier/BlimpForestWarden/qorc-sdk/qf_apps/qf_ssi_ai_app/GCC_Project/output/queue.o
                0x0000000000003124                xQueueGenericSendFromISR
 .text.xQueueGenericSendFromISRDebug
                0x0000000000003214       0x30 /mnt/d/projet_dirigeable_forestier/BlimpForestWarden/qorc-sdk/qf_apps/qf_ssi_ai_app/GCC_Project/output/queue.o
                0x0000000000003214                xQueueGenericSendFromISRDebug
 .text.xQueueGiveFromISR
                0x0000000000003244       0xdc /mnt/d/projet_dirigeable_forestier/BlimpForestWarden/qorc-sdk/qf_apps/qf_ssi_ai_app/GCC_Project/output/queue.o
                0x0000000000003244                xQueueGiveFromISR
 .text.xQueueReceive
                0x0000000000003320      0x160 /mnt/d/projet_dirigeable_forestier/BlimpForestWarden/qorc-sdk/qf_apps/qf_ssi_ai_app/GCC_Project/output/queue.o
                0x0000000000003320                xQueueReceive
 .text.xQueueSemaphoreTake
                0x0000000000003480      0x1b0 /mnt/d/projet_dirigeable_forestier/BlimpForestWarden/qorc-sdk/qf_apps/qf_ssi_ai_app/GCC_Project/output/queue.o
                0x0000000000003480                xQueueSemaphoreTake
 .text.xQueueReceiveFromISR
                0x0000000000003630       0xc0 /mnt/d/projet_dirigeable_forestier/BlimpForestWarden/qorc-sdk/qf_apps/qf_ssi_ai_app/GCC_Project/output/queue.o
                0x0000000000003630                xQueueReceiveFromISR
 .text.vQueueAddToRegistry
                0x00000000000036f0       0x24 /mnt/d/projet_dirigeable_forestier/BlimpForestWarden/qorc-sdk/qf_apps/qf_ssi_ai_app/GCC_Project/output/queue.o
                0x00000000000036f0                vQueueAddToRegistry
 .text.vQueueWaitForMessageRestricted
                0x0000000000003714       0x46 /mnt/d/projet_dirigeable_forestier/BlimpForestWarden/qorc-sdk/qf_apps/qf_ssi_ai_app/GCC_Project/output/queue.o
                0x0000000000003714                vQueueWaitForMessageRestricted
 .text.s3x_clkd_write_div
                0x000000000000375a       0xa8 /mnt/d/projet_dirigeable_forestier/BlimpForestWarden/qorc-sdk/qf_apps/qf_ssi_ai_app/GCC_Project/output/s3x_clock.o
 .text.s3x_clkd_read_div
                0x0000000000003802       0x44 /mnt/d/projet_dirigeable_forestier/BlimpForestWarden/qorc-sdk/qf_apps/qf_ssi_ai_app/GCC_Project/output/s3x_clock.o
 *fill*         0x0000000000003846        0x2 
 .text.s3x_clkd_cal_div
                0x0000000000003848       0x38 /mnt/d/projet_dirigeable_forestier/BlimpForestWarden/qorc-sdk/qf_apps/qf_ssi_ai_app/GCC_Project/output/s3x_clock.o
 .text.S3x_Id_To_Domain
                0x0000000000003880       0x1c /mnt/d/projet_dirigeable_forestier/BlimpForestWarden/qorc-sdk/qf_apps/qf_ssi_ai_app/GCC_Project/output/s3x_clock.o
                0x0000000000003880                S3x_Id_To_Domain
 .text.S3x_Clkd_Get_Cpu_Rate
                0x000000000000389c        0xc /mnt/d/projet_dirigeable_forestier/BlimpForestWarden/qorc-sdk/qf_apps/qf_ssi_ai_app/GCC_Project/output/s3x_clock.o
                0x000000000000389c                S3x_Clkd_Get_Cpu_Rate
 .text.s3x_clkd_update_div_val
                0x00000000000038a8       0x44 /mnt/d/projet_dirigeable_forestier/BlimpForestWarden/qorc-sdk/qf_apps/qf_ssi_ai_app/GCC_Project/output/s3x_clock.o
                0x00000000000038a8                s3x_clkd_update_div_val
 .text.s3x_clkd_update_fd_rate
                0x00000000000038ec        0xe /mnt/d/projet_dirigeable_forestier/BlimpForestWarden/qorc-sdk/qf_apps/qf_ssi_ai_app/GCC_Project/output/s3x_clock.o
                0x00000000000038ec                s3x_clkd_update_fd_rate
 *fill*         0x00000000000038fa        0x2 
 .text.s3x_clkd_update_sd_div
                0x00000000000038fc       0x54 /mnt/d/projet_dirigeable_forestier/BlimpForestWarden/qorc-sdk/qf_apps/qf_ssi_ai_app/GCC_Project/output/s3x_clock.o
 .text.s3x_clkd_update_all_src_div
                0x0000000000003950       0xd0 /mnt/d/projet_dirigeable_forestier/BlimpForestWarden/qorc-sdk/qf_apps/qf_ssi_ai_app/GCC_Project/output/s3x_clock.o
                0x0000000000003950                s3x_clkd_update_all_src_div
 .text.S3x_Clkd_Get_Hsosc_Rate
                0x0000000000003a20       0x34 /mnt/d/projet_dirigeable_forestier/BlimpForestWarden/qorc-sdk/qf_apps/qf_ssi_ai_app/GCC_Project/output/s3x_clock.o
                0x0000000000003a20                S3x_Clkd_Get_Hsosc_Rate
 .text.S3x_Clkd_Change_Hsosc
                0x0000000000003a54       0x70 /mnt/d/projet_dirigeable_forestier/BlimpForestWarden/qorc-sdk/qf_apps/qf_ssi_ai_app/GCC_Project/output/s3x_clock.o
                0x0000000000003a54                S3x_Clkd_Change_Hsosc
 .text.s3x_clkd_get_src_rate
                0x0000000000003ac4       0x12 /mnt/d/projet_dirigeable_forestier/BlimpForestWarden/qorc-sdk/qf_apps/qf_ssi_ai_app/GCC_Project/output/s3x_clock.o
                0x0000000000003ac4                s3x_clkd_get_src_rate
 *fill*         0x0000000000003ad6        0x2 
 .text.s3x_clkd_get_div
                0x0000000000003ad8       0x60 /mnt/d/projet_dirigeable_forestier/BlimpForestWarden/qorc-sdk/qf_apps/qf_ssi_ai_app/GCC_Project/output/s3x_clock.o
                0x0000000000003ad8                s3x_clkd_get_div
 .text.s3x_clkd_srate
                0x0000000000003b38      0x164 /mnt/d/projet_dirigeable_forestier/BlimpForestWarden/qorc-sdk/qf_apps/qf_ssi_ai_app/GCC_Project/output/s3x_clock.o
 .text.s3x_clkd_grate
                0x0000000000003c9c       0x8c /mnt/d/projet_dirigeable_forestier/BlimpForestWarden/qorc-sdk/qf_apps/qf_ssi_ai_app/GCC_Project/output/s3x_clock.o
 .text.s3x_clkd_set_src_div_st
                0x0000000000003d28       0x50 /mnt/d/projet_dirigeable_forestier/BlimpForestWarden/qorc-sdk/qf_apps/qf_ssi_ai_app/GCC_Project/output/s3x_clock.o
 .text.s3x_update_clk_rate
                0x0000000000003d78       0xb0 /mnt/d/projet_dirigeable_forestier/BlimpForestWarden/qorc-sdk/qf_apps/qf_ssi_ai_app/GCC_Project/output/s3x_clock.o
                0x0000000000003d78                s3x_update_clk_rate
 .text.s3x_clkd_get_gate_mask_st
                0x0000000000003e28       0x16 /mnt/d/projet_dirigeable_forestier/BlimpForestWarden/qorc-sdk/qf_apps/qf_ssi_ai_app/GCC_Project/output/s3x_clock.o
                0x0000000000003e28                s3x_clkd_get_gate_mask_st
 *fill*         0x0000000000003e3e        0x2 
 .text.s3x_clkd_set_gate_mask
                0x0000000000003e40       0x50 /mnt/d/projet_dirigeable_forestier/BlimpForestWarden/qorc-sdk/qf_apps/qf_ssi_ai_app/GCC_Project/output/s3x_clock.o
                0x0000000000003e40                s3x_clkd_set_gate_mask
 .text.s3x_clkd_enable_gate
                0x0000000000003e90       0x68 /mnt/d/projet_dirigeable_forestier/BlimpForestWarden/qorc-sdk/qf_apps/qf_ssi_ai_app/GCC_Project/output/s3x_clock.o
 .text.s3x_clkd_disable_gate
                0x0000000000003ef8       0x54 /mnt/d/projet_dirigeable_forestier/BlimpForestWarden/qorc-sdk/qf_apps/qf_ssi_ai_app/GCC_Project/output/s3x_clock.o
 .text._S3x_Clk_Enable
                0x0000000000003f4c       0xb8 /mnt/d/projet_dirigeable_forestier/BlimpForestWarden/qorc-sdk/qf_apps/qf_ssi_ai_app/GCC_Project/output/s3x_clock.o
                0x0000000000003f4c                _S3x_Clk_Enable
 .text._S3x_Clk_Disable
                0x0000000000004004       0xc8 /mnt/d/projet_dirigeable_forestier/BlimpForestWarden/qorc-sdk/qf_apps/qf_ssi_ai_app/GCC_Project/output/s3x_clock.o
                0x0000000000004004                _S3x_Clk_Disable
 .text._S3x_Clk_Get_Status
                0x00000000000040cc       0x2c /mnt/d/projet_dirigeable_forestier/BlimpForestWarden/qorc-sdk/qf_apps/qf_ssi_ai_app/GCC_Project/output/s3x_clock.o
                0x00000000000040cc                _S3x_Clk_Get_Status
 .text._S3x_Clk_Get_Rate
                0x00000000000040f8       0x28 /mnt/d/projet_dirigeable_forestier/BlimpForestWarden/qorc-sdk/qf_apps/qf_ssi_ai_app/GCC_Project/output/s3x_clock.o
                0x00000000000040f8                _S3x_Clk_Get_Rate
 .text._S3x_Clk_Set_Rate
                0x0000000000004120       0x48 /mnt/d/projet_dirigeable_forestier/BlimpForestWarden/qorc-sdk/qf_apps/qf_ssi_ai_app/GCC_Project/output/s3x_clock.o
                0x0000000000004120                _S3x_Clk_Set_Rate
 .text.S3x_Clk_Init
                0x0000000000004168      0x160 /mnt/d/projet_dirigeable_forestier/BlimpForestWarden/qorc-sdk/qf_apps/qf_ssi_ai_app/GCC_Project/output/s3x_clock.o
                0x0000000000004168                S3x_Clk_Init
 .text.S3x_Clk_Enable
                0x00000000000042c8        0x4 /mnt/d/projet_dirigeable_forestier/BlimpForestWarden/qorc-sdk/qf_apps/qf_ssi_ai_app/GCC_Project/output/s3x_clock_hal.o
                0x00000000000042c8                S3x_Clk_Enable
 .text.S3x_Clk_Disable
                0x00000000000042cc        0x4 /mnt/d/projet_dirigeable_forestier/BlimpForestWarden/qorc-sdk/qf_apps/qf_ssi_ai_app/GCC_Project/output/s3x_clock_hal.o
                0x00000000000042cc                S3x_Clk_Disable
 .text.S3x_Clk_Set_Rate
                0x00000000000042d0        0x4 /mnt/d/projet_dirigeable_forestier/BlimpForestWarden/qorc-sdk/qf_apps/qf_ssi_ai_app/GCC_Project/output/s3x_clock_hal.o
                0x00000000000042d0                S3x_Clk_Set_Rate
 .text.S3x_Clk_Get_Rate
                0x00000000000042d4        0x4 /mnt/d/projet_dirigeable_forestier/BlimpForestWarden/qorc-sdk/qf_apps/qf_ssi_ai_app/GCC_Project/output/s3x_clock_hal.o
                0x00000000000042d4                S3x_Clk_Get_Rate
 .text.DFS_cpuload
                0x00000000000042d8       0x4c /mnt/d/projet_dirigeable_forestier/BlimpForestWarden/qorc-sdk/qf_apps/qf_ssi_ai_app/GCC_Project/output/s3x_cpuload.o
                0x00000000000042d8                DFS_cpuload
 .text.DFS_updatesleepticks
                0x0000000000004324       0x10 /mnt/d/projet_dirigeable_forestier/BlimpForestWarden/qorc-sdk/qf_apps/qf_ssi_ai_app/GCC_Project/output/s3x_cpuload.o
                0x0000000000004324                DFS_updatesleepticks
 .text.DFS_resetsleepticks
                0x0000000000004334        0xc /mnt/d/projet_dirigeable_forestier/BlimpForestWarden/qorc-sdk/qf_apps/qf_ssi_ai_app/GCC_Project/output/s3x_cpuload.o
                0x0000000000004334                DFS_resetsleepticks
 .text.DFS_UpdateTimer
                0x0000000000004340       0x5c /mnt/d/projet_dirigeable_forestier/BlimpForestWarden/qorc-sdk/qf_apps/qf_ssi_ai_app/GCC_Project/output/s3x_dfs.o
 .text.DFS_StartTimer
                0x000000000000439c       0x88 /mnt/d/projet_dirigeable_forestier/BlimpForestWarden/qorc-sdk/qf_apps/qf_ssi_ai_app/GCC_Project/output/s3x_dfs.o
                0x000000000000439c                DFS_StartTimer
 .text.S3x_Set_Policy
                0x0000000000004424      0x108 /mnt/d/projet_dirigeable_forestier/BlimpForestWarden/qorc-sdk/qf_apps/qf_ssi_ai_app/GCC_Project/output/s3x_dfs.o
                0x0000000000004424                S3x_Set_Policy
 .text.S3x_get_max_rate_dfs_node
                0x000000000000452c       0x28 /mnt/d/projet_dirigeable_forestier/BlimpForestWarden/qorc-sdk/qf_apps/qf_ssi_ai_app/GCC_Project/output/s3x_dfs.o
                0x000000000000452c                S3x_get_max_rate_dfs_node
 .text.S3x_Stepup_Policy
                0x0000000000004554       0x80 /mnt/d/projet_dirigeable_forestier/BlimpForestWarden/qorc-sdk/qf_apps/qf_ssi_ai_app/GCC_Project/output/s3x_dfs.o
 .text.DFS_TimerCB
                0x00000000000045d4        0xe /mnt/d/projet_dirigeable_forestier/BlimpForestWarden/qorc-sdk/qf_apps/qf_ssi_ai_app/GCC_Project/output/s3x_dfs.o
 *fill*         0x00000000000045e2        0x2 
 .text.s3x_get_index_in_dfs_node
                0x00000000000045e4       0x20 /mnt/d/projet_dirigeable_forestier/BlimpForestWarden/qorc-sdk/qf_apps/qf_ssi_ai_app/GCC_Project/output/s3x_dfs.o
                0x00000000000045e4                s3x_get_index_in_dfs_node
 .text.s3x_get_policy_max_rate
                0x0000000000004604       0x2c /mnt/d/projet_dirigeable_forestier/BlimpForestWarden/qorc-sdk/qf_apps/qf_ssi_ai_app/GCC_Project/output/s3x_dfs.o
                0x0000000000004604                s3x_get_policy_max_rate
 .text.DFS_Get_Curr_Policy
                0x0000000000004630        0xc /mnt/d/projet_dirigeable_forestier/BlimpForestWarden/qorc-sdk/qf_apps/qf_ssi_ai_app/GCC_Project/output/s3x_dfs.o
                0x0000000000004630                DFS_Get_Curr_Policy
 .text.DFS_Initialize
                0x000000000000463c       0x14 /mnt/d/projet_dirigeable_forestier/BlimpForestWarden/qorc-sdk/qf_apps/qf_ssi_ai_app/GCC_Project/output/s3x_dfs.o
                0x000000000000463c                DFS_Initialize
 .text.trace_this
                0x0000000000004650       0x28 /mnt/d/projet_dirigeable_forestier/BlimpForestWarden/qorc-sdk/qf_apps/qf_ssi_ai_app/GCC_Project/output/s3x_lpm.o
 .text.S3x_Register_Lpm_Cb
                0x0000000000004678       0x3c /mnt/d/projet_dirigeable_forestier/BlimpForestWarden/qorc-sdk/qf_apps/qf_ssi_ai_app/GCC_Project/output/s3x_lpm.o
                0x0000000000004678                S3x_Register_Lpm_Cb
 .text.s3x_setup_systick_interrupt
                0x00000000000046b4       0x54 /mnt/d/projet_dirigeable_forestier/BlimpForestWarden/qorc-sdk/qf_apps/qf_ssi_ai_app/GCC_Project/output/s3x_lpm.o
                0x00000000000046b4                s3x_setup_systick_interrupt
 .text.prvStopTickInterruptTimer
                0x0000000000004708       0x10 /mnt/d/projet_dirigeable_forestier/BlimpForestWarden/qorc-sdk/qf_apps/qf_ssi_ai_app/GCC_Project/output/s3x_lpm.o
                0x0000000000004708                prvStopTickInterruptTimer
 .text.prvStartTickInterruptTimer
                0x0000000000004718        0x8 /mnt/d/projet_dirigeable_forestier/BlimpForestWarden/qorc-sdk/qf_apps/qf_ssi_ai_app/GCC_Project/output/s3x_lpm.o
                0x0000000000004718                prvStartTickInterruptTimer
 .text.SysTick_Handler
                0x0000000000004720       0x12 /mnt/d/projet_dirigeable_forestier/BlimpForestWarden/qorc-sdk/qf_apps/qf_ssi_ai_app/GCC_Project/output/s3x_lpm.o
                0x0000000000004720                SysTick_Handler
 .text.vPortSetupTimerInterrupt
                0x0000000000004732        0x6 /mnt/d/projet_dirigeable_forestier/BlimpForestWarden/qorc-sdk/qf_apps/qf_ssi_ai_app/GCC_Project/output/s3x_lpm.o
                0x0000000000004732                vPortSetupTimerInterrupt
 .text.S3x_Pre_Lpm
                0x0000000000004738       0x20 /mnt/d/projet_dirigeable_forestier/BlimpForestWarden/qorc-sdk/qf_apps/qf_ssi_ai_app/GCC_Project/output/s3x_lpm.o
                0x0000000000004738                S3x_Pre_Lpm
 .text.S3x_Post_Lpm
                0x0000000000004758       0x18 /mnt/d/projet_dirigeable_forestier/BlimpForestWarden/qorc-sdk/qf_apps/qf_ssi_ai_app/GCC_Project/output/s3x_lpm.o
                0x0000000000004758                S3x_Post_Lpm
 .text.S3x_Lpm_Handler
                0x0000000000004770      0x2a4 /mnt/d/projet_dirigeable_forestier/BlimpForestWarden/qorc-sdk/qf_apps/qf_ssi_ai_app/GCC_Project/output/s3x_lpm.o
                0x0000000000004770                S3x_Lpm_Handler
 .text.s3x_get_pi
                0x0000000000004a14       0x20 /mnt/d/projet_dirigeable_forestier/BlimpForestWarden/qorc-sdk/qf_apps/qf_ssi_ai_app/GCC_Project/output/s3x_pi.o
                0x0000000000004a14                s3x_get_pi
 .text.s3x_get_pi_gindex
                0x0000000000004a34       0x14 /mnt/d/projet_dirigeable_forestier/BlimpForestWarden/qorc-sdk/qf_apps/qf_ssi_ai_app/GCC_Project/output/s3x_pi.o
                0x0000000000004a34                s3x_get_pi_gindex
 .text.s3x_pi_get_st
                0x0000000000004a48       0x26 /mnt/d/projet_dirigeable_forestier/BlimpForestWarden/qorc-sdk/qf_apps/qf_ssi_ai_app/GCC_Project/output/s3x_pi.o
                0x0000000000004a48                s3x_pi_get_st
 *fill*         0x0000000000004a6e        0x2 
 .text.s3x_pi_set_cfg_st
                0x0000000000004a70       0x94 /mnt/d/projet_dirigeable_forestier/BlimpForestWarden/qorc-sdk/qf_apps/qf_ssi_ai_app/GCC_Project/output/s3x_pi.o
                0x0000000000004a70                s3x_pi_set_cfg_st
 .text.s3x_pi_set_active_st
                0x0000000000004b04       0xa8 /mnt/d/projet_dirigeable_forestier/BlimpForestWarden/qorc-sdk/qf_apps/qf_ssi_ai_app/GCC_Project/output/s3x_pi.o
                0x0000000000004b04                s3x_pi_set_active_st
 .text.s3x_pi_get_clkg_st
                0x0000000000004bac       0x36 /mnt/d/projet_dirigeable_forestier/BlimpForestWarden/qorc-sdk/qf_apps/qf_ssi_ai_app/GCC_Project/output/s3x_pi.o
                0x0000000000004bac                s3x_pi_get_clkg_st
 .text.s3x_pi_set_clkg_st
                0x0000000000004be2       0x26 /mnt/d/projet_dirigeable_forestier/BlimpForestWarden/qorc-sdk/qf_apps/qf_ssi_ai_app/GCC_Project/output/s3x_pi.o
                0x0000000000004be2                s3x_pi_set_clkg_st
 .text.s3x_set_pi_state
                0x0000000000004c08        0xc /mnt/d/projet_dirigeable_forestier/BlimpForestWarden/qorc-sdk/qf_apps/qf_ssi_ai_app/GCC_Project/output/s3x_pi.o
                0x0000000000004c08                s3x_set_pi_state
 .text.s3x_get_pi_init_state
                0x0000000000004c14       0x18 /mnt/d/projet_dirigeable_forestier/BlimpForestWarden/qorc-sdk/qf_apps/qf_ssi_ai_app/GCC_Project/output/s3x_pi.o
                0x0000000000004c14                s3x_get_pi_init_state
 .text.S3x_pi_init
                0x0000000000004c2c       0x20 /mnt/d/projet_dirigeable_forestier/BlimpForestWarden/qorc-sdk/qf_apps/qf_ssi_ai_app/GCC_Project/output/s3x_pi.o
                0x0000000000004c2c                S3x_pi_init
 .text.S3x_pwrcfg_init
                0x0000000000004c4c       0x2c /mnt/d/projet_dirigeable_forestier/BlimpForestWarden/qorc-sdk/qf_apps/qf_ssi_ai_app/GCC_Project/output/s3x_pwrcfg.o
                0x0000000000004c4c                S3x_pwrcfg_init
 .text.s3x_sram_in_lpm
                0x0000000000004c78       0x1c /mnt/d/projet_dirigeable_forestier/BlimpForestWarden/qorc-sdk/qf_apps/qf_ssi_ai_app/GCC_Project/output/s3x_pwrcfg.o
                0x0000000000004c78                s3x_sram_in_lpm
 .text.S3x_get_qos_rate
                0x0000000000004c94       0x38 /mnt/d/projet_dirigeable_forestier/BlimpForestWarden/qorc-sdk/qf_apps/qf_ssi_ai_app/GCC_Project/output/s3x_qos.o
                0x0000000000004c94                S3x_get_qos_rate
 .text.save_assert_info
                0x0000000000004ccc       0x74 /mnt/d/projet_dirigeable_forestier/BlimpForestWarden/qorc-sdk/qf_apps/qf_ssi_ai_app/GCC_Project/output/sec_debug.o
                0x0000000000004ccc                save_assert_info
 .text.invoke_soft_fault
                0x0000000000004d40       0x20 /mnt/d/projet_dirigeable_forestier/BlimpForestWarden/qorc-sdk/qf_apps/qf_ssi_ai_app/GCC_Project/output/sec_debug.o
                0x0000000000004d40                invoke_soft_fault
 .text._Z21sensor_ssss_ai_configPv
                0x0000000000004d60        0x2 /mnt/d/projet_dirigeable_forestier/BlimpForestWarden/qorc-sdk/qf_apps/qf_ssi_ai_app/GCC_Project/output/sensor_ssss.o
                0x0000000000004d60                sensor_ssss_ai_config(void*)
 .text._Z20sensor_ssss_ai_startv
                0x0000000000004d62        0x4 /mnt/d/projet_dirigeable_forestier/BlimpForestWarden/qorc-sdk/qf_apps/qf_ssi_ai_app/GCC_Project/output/sensor_ssss.o
                0x0000000000004d62                sensor_ssss_ai_start()
 *fill*         0x0000000000004d66        0x2 
 .text._Z29sensor_ssss_ai_data_processorP16st_QAI_DataBlockS0_PS0_PFviiPviE
                0x0000000000004d68       0x2c /mnt/d/projet_dirigeable_forestier/BlimpForestWarden/qorc-sdk/qf_apps/qf_ssi_ai_app/GCC_Project/output/sensor_ssss.o
                0x0000000000004d68                sensor_ssss_ai_data_processor(st_QAI_DataBlock*, st_QAI_DataBlock*, st_QAI_DataBlock**, void (*)(int, int, void*, int))
 .text._Z19sensor_ssss_ai_stopv
                0x0000000000004d94        0x4 /mnt/d/projet_dirigeable_forestier/BlimpForestWarden/qorc-sdk/qf_apps/qf_ssi_ai_app/GCC_Project/output/sensor_ssss.o
                0x0000000000004d94                sensor_ssss_ai_stop()
 .text.sensor_ssss_acquisition_buffer_ready
                0x0000000000004d98       0x68 /mnt/d/projet_dirigeable_forestier/BlimpForestWarden/qorc-sdk/qf_apps/qf_ssi_ai_app/GCC_Project/output/sensor_ssss.o
                0x0000000000004d98                sensor_ssss_acquisition_buffer_ready
 .text.sensor_ssss_acquisition_read_callback
                0x0000000000004e00       0x5c /mnt/d/projet_dirigeable_forestier/BlimpForestWarden/qorc-sdk/qf_apps/qf_ssi_ai_app/GCC_Project/output/sensor_ssss.o
                0x0000000000004e00                sensor_ssss_acquisition_read_callback
 .text.sensor_ssss_dataTimer_Callback
                0x0000000000004e5c        0x4 /mnt/d/projet_dirigeable_forestier/BlimpForestWarden/qorc-sdk/qf_apps/qf_ssi_ai_app/GCC_Project/output/sensor_ssss.o
                0x0000000000004e5c                sensor_ssss_dataTimer_Callback
 .text.sensor_ssss_dataTimerStart
                0x0000000000004e60       0x68 /mnt/d/projet_dirigeable_forestier/BlimpForestWarden/qorc-sdk/qf_apps/qf_ssi_ai_app/GCC_Project/output/sensor_ssss.o
                0x0000000000004e60                sensor_ssss_dataTimerStart
 .text.sensor_ssss_dataTimerStop
                0x0000000000004ec8       0x20 /mnt/d/projet_dirigeable_forestier/BlimpForestWarden/qorc-sdk/qf_apps/qf_ssi_ai_app/GCC_Project/output/sensor_ssss.o
                0x0000000000004ec8                sensor_ssss_dataTimerStop
 .text.sensor_ssss_startstop
                0x0000000000004ee8       0x2c /mnt/d/projet_dirigeable_forestier/BlimpForestWarden/qorc-sdk/qf_apps/qf_ssi_ai_app/GCC_Project/output/sensor_ssss.o
                0x0000000000004ee8                sensor_ssss_startstop
 .text.sensor_ssss_configure
                0x0000000000004f14       0x3c /mnt/d/projet_dirigeable_forestier/BlimpForestWarden/qorc-sdk/qf_apps/qf_ssi_ai_app/GCC_Project/output/sensor_ssss.o
                0x0000000000004f14                sensor_ssss_configure
 .text.sensor_ssss_set_first_data_block
                0x0000000000004f50       0x54 /mnt/d/projet_dirigeable_forestier/BlimpForestWarden/qorc-sdk/qf_apps/qf_ssi_ai_app/GCC_Project/output/sensor_ssss.o
                0x0000000000004f50                sensor_ssss_set_first_data_block
 .text.sensor_ssss_block_processor
                0x0000000000004fa4       0x5c /mnt/d/projet_dirigeable_forestier/BlimpForestWarden/qorc-sdk/qf_apps/qf_ssi_ai_app/GCC_Project/output/sensor_ssss.o
                0x0000000000004fa4                sensor_ssss_block_processor
 .text.startup._GLOBAL__sub_I_sensor_rate_debug_gpio_val
                0x0000000000005000        0xc /mnt/d/projet_dirigeable_forestier/BlimpForestWarden/qorc-sdk/qf_apps/qf_ssi_ai_app/GCC_Project/output/sensor_ssss.o
 .text.sml_recognition_run_batch
                0x000000000000500c       0x64 /mnt/d/projet_dirigeable_forestier/BlimpForestWarden/qorc-sdk/qf_apps/qf_ssi_ai_app/GCC_Project/output/sml_recognition_run.o
                0x000000000000500c                sml_recognition_run_batch
 .text.Reset_Handler
                0x0000000000005070       0x2c /mnt/d/projet_dirigeable_forestier/BlimpForestWarden/qorc-sdk/qf_apps/qf_ssi_ai_app/GCC_Project/output/startup_EOSS3B_GCC.o
                0x0000000000005070                Reset_Handler
 .text.__semihost_call
                0x000000000000509c        0x6 /mnt/d/projet_dirigeable_forestier/BlimpForestWarden/qorc-sdk/qf_apps/qf_ssi_ai_app/GCC_Project/output/startup_EOSS3B_GCC.o
                0x000000000000509c                __semihost_call
 *fill*         0x00000000000050a2        0x2 
 .text.prvGetExpectedIdleTime
                0x00000000000050a4       0x3c /mnt/d/projet_dirigeable_forestier/BlimpForestWarden/qorc-sdk/qf_apps/qf_ssi_ai_app/GCC_Project/output/tasks.o
 .text.prvResetNextTaskUnblockTime
                0x00000000000050e0       0x24 /mnt/d/projet_dirigeable_forestier/BlimpForestWarden/qorc-sdk/qf_apps/qf_ssi_ai_app/GCC_Project/output/tasks.o
 .text.prvAddCurrentTaskToDelayedList
                0x0000000000005104       0x8c /mnt/d/projet_dirigeable_forestier/BlimpForestWarden/qorc-sdk/qf_apps/qf_ssi_ai_app/GCC_Project/output/tasks.o
 .text.xTaskCreate
                0x0000000000005190      0x1e0 /mnt/d/projet_dirigeable_forestier/BlimpForestWarden/qorc-sdk/qf_apps/qf_ssi_ai_app/GCC_Project/output/tasks.o
                0x0000000000005190                xTaskCreate
 .text.vTaskStartScheduler
                0x0000000000005370       0x98 /mnt/d/projet_dirigeable_forestier/BlimpForestWarden/qorc-sdk/qf_apps/qf_ssi_ai_app/GCC_Project/output/tasks.o
                0x0000000000005370                vTaskStartScheduler
 .text.vTaskSuspendAll
                0x0000000000005408       0x10 /mnt/d/projet_dirigeable_forestier/BlimpForestWarden/qorc-sdk/qf_apps/qf_ssi_ai_app/GCC_Project/output/tasks.o
                0x0000000000005408                vTaskSuspendAll
 .text.xTaskGetTickCount
                0x0000000000005418        0xc /mnt/d/projet_dirigeable_forestier/BlimpForestWarden/qorc-sdk/qf_apps/qf_ssi_ai_app/GCC_Project/output/tasks.o
                0x0000000000005418                xTaskGetTickCount
 .text.xTaskGetTickCountFromISR
                0x0000000000005424       0x10 /mnt/d/projet_dirigeable_forestier/BlimpForestWarden/qorc-sdk/qf_apps/qf_ssi_ai_app/GCC_Project/output/tasks.o
                0x0000000000005424                xTaskGetTickCountFromISR
 .text.vTaskStepTick
                0x0000000000005434       0x44 /mnt/d/projet_dirigeable_forestier/BlimpForestWarden/qorc-sdk/qf_apps/qf_ssi_ai_app/GCC_Project/output/tasks.o
                0x0000000000005434                vTaskStepTick
 .text.xTaskIncrementTick
                0x0000000000005478      0x144 /mnt/d/projet_dirigeable_forestier/BlimpForestWarden/qorc-sdk/qf_apps/qf_ssi_ai_app/GCC_Project/output/tasks.o
                0x0000000000005478                xTaskIncrementTick
 .text.xTaskResumeAll
                0x00000000000055bc       0xfc /mnt/d/projet_dirigeable_forestier/BlimpForestWarden/qorc-sdk/qf_apps/qf_ssi_ai_app/GCC_Project/output/tasks.o
                0x00000000000055bc                xTaskResumeAll
 .text.prvIdleTask
                0x00000000000056b8       0xc4 /mnt/d/projet_dirigeable_forestier/BlimpForestWarden/qorc-sdk/qf_apps/qf_ssi_ai_app/GCC_Project/output/tasks.o
 .text.vTaskSwitchContext
                0x000000000000577c       0xb8 /mnt/d/projet_dirigeable_forestier/BlimpForestWarden/qorc-sdk/qf_apps/qf_ssi_ai_app/GCC_Project/output/tasks.o
                0x000000000000577c                vTaskSwitchContext
 .text.vTaskPlaceOnEventList
                0x0000000000005834       0x48 /mnt/d/projet_dirigeable_forestier/BlimpForestWarden/qorc-sdk/qf_apps/qf_ssi_ai_app/GCC_Project/output/tasks.o
                0x0000000000005834                vTaskPlaceOnEventList
 .text.vTaskPlaceOnEventListRestricted
                0x000000000000587c       0x50 /mnt/d/projet_dirigeable_forestier/BlimpForestWarden/qorc-sdk/qf_apps/qf_ssi_ai_app/GCC_Project/output/tasks.o
                0x000000000000587c                vTaskPlaceOnEventListRestricted
 .text.xTaskRemoveFromEventList